Archive member included to satisfy reference by file (symbol)

/home/ben/Data/PER/Ac6/SystemWorkbench/plugins/fr.ac6.mcu.externaltools.arm-none.linux64_1.12.0.201611241417/tools/compiler/bin/../lib/gcc/arm-none-eabi/5.4.1/armv7e-m/fpu/libgcc.a(_arm_addsubdf3.o)
                              Src/PedalBox.o (__aeabi_dsub)
/home/ben/Data/PER/Ac6/SystemWorkbench/plugins/fr.ac6.mcu.externaltools.arm-none.linux64_1.12.0.201611241417/tools/compiler/bin/../lib/gcc/arm-none-eabi/5.4.1/armv7e-m/fpu/libgcc.a(_arm_muldivdf3.o)
                              Src/PedalBox.o (__aeabi_dmul)
/home/ben/Data/PER/Ac6/SystemWorkbench/plugins/fr.ac6.mcu.externaltools.arm-none.linux64_1.12.0.201611241417/tools/compiler/bin/../lib/gcc/arm-none-eabi/5.4.1/armv7e-m/fpu/libgcc.a(_arm_cmpdf2.o)
                              Src/PedalBox.o (__aeabi_dcmple)
/home/ben/Data/PER/Ac6/SystemWorkbench/plugins/fr.ac6.mcu.externaltools.arm-none.linux64_1.12.0.201611241417/tools/compiler/bin/../lib/gcc/arm-none-eabi/5.4.1/armv7e-m/fpu/libgcc.a(_arm_fixunsdfsi.o)
                              Src/PedalBox.o (__aeabi_d2uiz)
/home/ben/Data/PER/Ac6/SystemWorkbench/plugins/fr.ac6.mcu.externaltools.arm-none.linux64_1.12.0.201611241417/tools/compiler/bin/../lib/gcc/arm-none-eabi/5.4.1/../../../../arm-none-eabi/lib/armv7e-m/fpu/libc_nano.a(lib_a-exit.o)
                              /home/ben/Data/PER/Ac6/SystemWorkbench/plugins/fr.ac6.mcu.externaltools.arm-none.linux64_1.12.0.201611241417/tools/compiler/bin/../lib/gcc/arm-none-eabi/5.4.1/../../../../arm-none-eabi/lib/armv7e-m/fpu/crt0.o (exit)
/home/ben/Data/PER/Ac6/SystemWorkbench/plugins/fr.ac6.mcu.externaltools.arm-none.linux64_1.12.0.201611241417/tools/compiler/bin/../lib/gcc/arm-none-eabi/5.4.1/../../../../arm-none-eabi/lib/armv7e-m/fpu/libc_nano.a(lib_a-impure.o)
                              /home/ben/Data/PER/Ac6/SystemWorkbench/plugins/fr.ac6.mcu.externaltools.arm-none.linux64_1.12.0.201611241417/tools/compiler/bin/../lib/gcc/arm-none-eabi/5.4.1/../../../../arm-none-eabi/lib/armv7e-m/fpu/libc_nano.a(lib_a-exit.o) (_global_impure_ptr)
/home/ben/Data/PER/Ac6/SystemWorkbench/plugins/fr.ac6.mcu.externaltools.arm-none.linux64_1.12.0.201611241417/tools/compiler/bin/../lib/gcc/arm-none-eabi/5.4.1/../../../../arm-none-eabi/lib/armv7e-m/fpu/libc_nano.a(lib_a-init.o)
                              /home/ben/Data/PER/Ac6/SystemWorkbench/plugins/fr.ac6.mcu.externaltools.arm-none.linux64_1.12.0.201611241417/tools/compiler/bin/../lib/gcc/arm-none-eabi/5.4.1/../../../../arm-none-eabi/lib/armv7e-m/fpu/crt0.o (__libc_init_array)
/home/ben/Data/PER/Ac6/SystemWorkbench/plugins/fr.ac6.mcu.externaltools.arm-none.linux64_1.12.0.201611241417/tools/compiler/bin/../lib/gcc/arm-none-eabi/5.4.1/../../../../arm-none-eabi/lib/armv7e-m/fpu/libc_nano.a(lib_a-memcpy-stub.o)
                              Middlewares/Third_Party/FreeRTOS/Source/queue.o (memcpy)
/home/ben/Data/PER/Ac6/SystemWorkbench/plugins/fr.ac6.mcu.externaltools.arm-none.linux64_1.12.0.201611241417/tools/compiler/bin/../lib/gcc/arm-none-eabi/5.4.1/../../../../arm-none-eabi/lib/armv7e-m/fpu/libc_nano.a(lib_a-memset.o)
                              /home/ben/Data/PER/Ac6/SystemWorkbench/plugins/fr.ac6.mcu.externaltools.arm-none.linux64_1.12.0.201611241417/tools/compiler/bin/../lib/gcc/arm-none-eabi/5.4.1/../../../../arm-none-eabi/lib/armv7e-m/fpu/crt0.o (memset)
/home/ben/Data/PER/Ac6/SystemWorkbench/plugins/fr.ac6.mcu.externaltools.arm-none.linux64_1.12.0.201611241417/tools/compiler/bin/../lib/gcc/arm-none-eabi/5.4.1/../../../../arm-none-eabi/lib/armv7e-m/fpu/libnosys.a(_exit.o)
                              /home/ben/Data/PER/Ac6/SystemWorkbench/plugins/fr.ac6.mcu.externaltools.arm-none.linux64_1.12.0.201611241417/tools/compiler/bin/../lib/gcc/arm-none-eabi/5.4.1/../../../../arm-none-eabi/lib/armv7e-m/fpu/libc_nano.a(lib_a-exit.o) (_exit)

Allocating common symbols
Common symbol       size              file

car                 0x40              Src/main.o
BMS                 0x50              Src/main.o
defaultTaskHandle   0x4               Src/main.o
uwTick              0x4               Drivers/STM32F4xx_HAL_Driver/Src/stm32f4xx_hal.o
xQueueRegistry      0x40              Middlewares/Third_Party/FreeRTOS/Source/queue.o
pFlash              0x20              Drivers/STM32F4xx_HAL_Driver/Src/stm32f4xx_hal_flash.o
wheelModule         0x8               Src/main.o
htim1               0x3c              Src/stm32f4xx_hal_timebase_TIM.o
hcan1               0x40              Src/main.o
m_CAN               0x4               Src/main.o
q_txcan             0x4               Src/main.o

Discarded input sections

 .text          0x00000000        0x0 /home/ben/Data/PER/Ac6/SystemWorkbench/plugins/fr.ac6.mcu.externaltools.arm-none.linux64_1.12.0.201611241417/tools/compiler/bin/../lib/gcc/arm-none-eabi/5.4.1/armv7e-m/fpu/crti.o
[...]
Memory Configuration

Name             Origin             Length             Attributes
RAM              0x20000000         0x00020000         xrw
CCMRAM           0x10000000         0x00010000         rw
FLASH            0x08000000         0x00100000         xr
*default*        0x00000000         0xffffffff

Linker script and memory map

LOAD /home/ben/Data/PER/Ac6/SystemWorkbench/plugins/fr.ac6.mcu.externaltools.arm-none.linux64_1.12.0.201611241417/tools/compiler/bin/../lib/gcc/arm-none-eabi/5.4.1/armv7e-m/fpu/crti.o
LOAD /home/ben/Data/PER/Ac6/SystemWorkbench/plugins/fr.ac6.mcu.externaltools.arm-none.linux64_1.12.0.201611241417/tools/compiler/bin/../lib/gcc/arm-none-eabi/5.4.1/armv7e-m/fpu/crtbegin.o
LOAD /home/ben/Data/PER/Ac6/SystemWorkbench/plugins/fr.ac6.mcu.externaltools.arm-none.linux64_1.12.0.201611241417/tools/compiler/bin/../lib/gcc/arm-none-eabi/5.4.1/../../../../arm-none-eabi/lib/armv7e-m/fpu/crt0.o
LOAD /home/ben/Data/PER/Ac6/SystemWorkbench/plugins/fr.ac6.mcu.externaltools.arm-none.linux64_1.12.0.201611241417/tools/compiler/bin/../lib/gcc/arm-none-eabi/5.4.1/../../../../arm-none-eabi/lib/armv7e-m/fpu/libm.a
LOAD Drivers/STM32F4xx_HAL_Driver/Src/stm32f4xx_hal.o
LOAD Drivers/STM32F4xx_HAL_Driver/Src/stm32f4xx_hal_can.o
LOAD Drivers/STM32F4xx_HAL_Driver/Src/stm32f4xx_hal_cortex.o
LOAD Drivers/STM32F4xx_HAL_Driver/Src/stm32f4xx_hal_dma.o
LOAD Drivers/STM32F4xx_HAL_Driver/Src/stm32f4xx_hal_dma_ex.o
LOAD Drivers/STM32F4xx_HAL_Driver/Src/stm32f4xx_hal_flash.o
LOAD Drivers/STM32F4xx_HAL_Driver/Src/stm32f4xx_hal_flash_ex.o
LOAD Drivers/STM32F4xx_HAL_Driver/Src/stm32f4xx_hal_flash_ramfunc.o
LOAD Drivers/STM32F4xx_HAL_Driver/Src/stm32f4xx_hal_gpio.o
LOAD Drivers/STM32F4xx_HAL_Driver/Src/stm32f4xx_hal_pwr.o
LOAD Drivers/STM32F4xx_HAL_Driver/Src/stm32f4xx_hal_pwr_ex.o
LOAD Drivers/STM32F4xx_HAL_Driver/Src/stm32f4xx_hal_rcc.o
LOAD Drivers/STM32F4xx_HAL_Driver/Src/stm32f4xx_hal_rcc_ex.o
LOAD Drivers/STM32F4xx_HAL_Driver/Src/stm32f4xx_hal_tim.o
LOAD Drivers/STM32F4xx_HAL_Driver/Src/stm32f4xx_hal_tim_ex.o
LOAD Middlewares/Third_Party/FreeRTOS/Source/CMSIS_RTOS/cmsis_os.o
LOAD Middlewares/Third_Party/FreeRTOS/Source/croutine.o
LOAD Middlewares/Third_Party/FreeRTOS/Source/event_groups.o
LOAD Middlewares/Third_Party/FreeRTOS/Source/list.o
LOAD Middlewares/Third_Party/FreeRTOS/Source/queue.o
LOAD Middlewares/Third_Party/FreeRTOS/Source/tasks.o
LOAD Middlewares/Third_Party/FreeRTOS/Source/timers.o
LOAD Middlewares/Third_Party/FreeRTOS/Source/portable/GCC/ARM_CM4F/port.o
LOAD Middlewares/Third_Party/FreeRTOS/Source/portable/MemMang/heap_4.o
LOAD Src/BMS.o
LOAD Src/CANProcess.o
LOAD Src/Motor_Controller.o
LOAD Src/PedalBox.o
LOAD Src/UserTasks.o
LOAD Src/WheelModule.o
LOAD Src/car.o
LOAD Src/freertos.o
LOAD Src/main.o
LOAD Src/main_module_tasks.o
LOAD Src/motor_controller_functions.o
LOAD Src/stm32f4xx_hal_msp.o
LOAD Src/stm32f4xx_hal_timebase_TIM.o
LOAD Src/stm32f4xx_it.o
LOAD Src/system_stm32f4xx.o
LOAD startup/startup_stm32f407xx.o
START GROUP
LOAD /home/ben/Data/PER/Ac6/SystemWorkbench/plugins/fr.ac6.mcu.externaltools.arm-none.linux64_1.12.0.201611241417/tools/compiler/bin/../lib/gcc/arm-none-eabi/5.4.1/armv7e-m/fpu/libgcc.a
LOAD /home/ben/Data/PER/Ac6/SystemWorkbench/plugins/fr.ac6.mcu.externaltools.arm-none.linux64_1.12.0.201611241417/tools/compiler/bin/../lib/gcc/arm-none-eabi/5.4.1/../../../../arm-none-eabi/lib/armv7e-m/fpu/libc_nano.a
END GROUP
START GROUP
LOAD /home/ben/Data/PER/Ac6/SystemWorkbench/plugins/fr.ac6.mcu.externaltools.arm-none.linux64_1.12.0.201611241417/tools/compiler/bin/../lib/gcc/arm-none-eabi/5.4.1/armv7e-m/fpu/libgcc.a
LOAD /home/ben/Data/PER/Ac6/SystemWorkbench/plugins/fr.ac6.mcu.externaltools.arm-none.linux64_1.12.0.201611241417/tools/compiler/bin/../lib/gcc/arm-none-eabi/5.4.1/../../../../arm-none-eabi/lib/armv7e-m/fpu/libc_nano.a
LOAD /home/ben/Data/PER/Ac6/SystemWorkbench/plugins/fr.ac6.mcu.externaltools.arm-none.linux64_1.12.0.201611241417/tools/compiler/bin/../lib/gcc/arm-none-eabi/5.4.1/../../../../arm-none-eabi/lib/armv7e-m/fpu/libnosys.a
END GROUP
START GROUP
LOAD /home/ben/Data/PER/Ac6/SystemWorkbench/plugins/fr.ac6.mcu.externaltools.arm-none.linux64_1.12.0.201611241417/tools/compiler/bin/../lib/gcc/arm-none-eabi/5.4.1/armv7e-m/fpu/libgcc.a
LOAD /home/ben/Data/PER/Ac6/SystemWorkbench/plugins/fr.ac6.mcu.externaltools.arm-none.linux64_1.12.0.201611241417/tools/compiler/bin/../lib/gcc/arm-none-eabi/5.4.1/../../../../arm-none-eabi/lib/armv7e-m/fpu/libc_nano.a
LOAD /home/ben/Data/PER/Ac6/SystemWorkbench/plugins/fr.ac6.mcu.externaltools.arm-none.linux64_1.12.0.201611241417/tools/compiler/bin/../lib/gcc/arm-none-eabi/5.4.1/../../../../arm-none-eabi/lib/armv7e-m/fpu/libnosys.a
END GROUP
LOAD /home/ben/Data/PER/Ac6/SystemWorkbench/plugins/fr.ac6.mcu.externaltools.arm-none.linux64_1.12.0.201611241417/tools/compiler/bin/../lib/gcc/arm-none-eabi/5.4.1/armv7e-m/fpu/crtend.o
LOAD /home/ben/Data/PER/Ac6/SystemWorkbench/plugins/fr.ac6.mcu.externaltools.arm-none.linux64_1.12.0.201611241417/tools/compiler/bin/../lib/gcc/arm-none-eabi/5.4.1/armv7e-m/fpu/crtn.o
                0x20020000                _estack = 0x20020000
                0x00000400                _Min_Heap_Size = 0x400
                0x00000800                _Min_Stack_Size = 0x800

.isr_vector     0x08000000      0x188
                0x08000000                . = ALIGN (0x4)
 *(.isr_vector)
 .isr_vector    0x08000000      0x188 startup/startup_stm32f407xx.o
                0x08000000                g_pfnVectors
                0x08000188                . = ALIGN (0x4)

.text           0x08000188     0x3ca0
                0x08000188                . = ALIGN (0x4)
 *(.text)
 .text          0x08000188       0x5c /home/ben/Data/PER/Ac6/SystemWorkbench/plugins/fr.ac6.mcu.externaltools.arm-none.linux64_1.12.0.201611241417/tools/compiler/bin/../lib/gcc/arm-none-eabi/5.4.1/armv7e-m/fpu/crtbegin.o
 .text          0x080001e4      0x370 /home/ben/Data/PER/Ac6/SystemWorkbench/plugins/fr.ac6.mcu.externaltools.arm-none.linux64_1.12.0.201611241417/tools/compiler/bin/../lib/gcc/arm-none-eabi/5.4.1/armv7e-m/fpu/libgcc.a(_arm_addsubdf3.o)
                0x080001e4                __aeabi_drsub
                0x080001ec                __aeabi_dsub
                0x080001ec                __subdf3
                0x080001f0                __adddf3
                0x080001f0                __aeabi_dadd
                0x08000468                __aeabi_ui2d
                0x08000468                __floatunsidf
                0x08000488                __floatsidf
                0x08000488                __aeabi_i2d
                0x080004ac                __extendsfdf2
                0x080004ac                __aeabi_f2d
                0x080004e8                __aeabi_ul2d
                0x080004e8                __floatundidf
                0x080004f8                __floatdidf
                0x080004f8                __aeabi_l2d
 .text          0x08000554      0x424 /home/ben/Data/PER/Ac6/SystemWorkbench/plugins/fr.ac6.mcu.externaltools.arm-none.linux64_1.12.0.201611241417/tools/compiler/bin/../lib/gcc/arm-none-eabi/5.4.1/armv7e-m/fpu/libgcc.a(_arm_muldivdf3.o)
                0x08000554                __aeabi_dmul
                0x08000554                __muldf3
                0x080007a8                __aeabi_ddiv
                0x080007a8                __divdf3
 .text          0x08000978      0x110 /home/ben/Data/PER/Ac6/SystemWorkbench/plugins/fr.ac6.mcu.externaltools.arm-none.linux64_1.12.0.201611241417/tools/compiler/bin/../lib/gcc/arm-none-eabi/5.4.1/armv7e-m/fpu/libgcc.a(_arm_cmpdf2.o)
                0x08000978                __gtdf2
                0x08000978                __gedf2
                0x08000980                __ltdf2
                0x08000980                __ledf2
                0x08000988                __cmpdf2
                0x08000988                __eqdf2
                0x08000988                __nedf2
                0x08000a04                __aeabi_cdrcmple
                0x08000a14                __aeabi_cdcmple
                0x08000a14                __aeabi_cdcmpeq
                0x08000a24                __aeabi_dcmpeq
                0x08000a38                __aeabi_dcmplt
                0x08000a4c                __aeabi_dcmple
                0x08000a60                __aeabi_dcmpge
                0x08000a74                __aeabi_dcmpgt
 .text          0x08000a88       0x40 /home/ben/Data/PER/Ac6/SystemWorkbench/plugins/fr.ac6.mcu.externaltools.arm-none.linux64_1.12.0.201611241417/tools/compiler/bin/../lib/gcc/arm-none-eabi/5.4.1/armv7e-m/fpu/libgcc.a(_arm_fixunsdfsi.o)
                0x08000a88                __fixunsdfsi
                0x08000a88                __aeabi_d2uiz
 *(.text*)
 .text.HAL_Init
                0x08000ac8       0x34 Drivers/STM32F4xx_HAL_Driver/Src/stm32f4xx_hal.o
                0x08000ac8                HAL_Init
 .text.HAL_IncTick
                0x08000afc       0x10 Drivers/STM32F4xx_HAL_Driver/Src/stm32f4xx_hal.o
                0x08000afc                HAL_IncTick
 .text.HAL_GetTick
                0x08000b0c        0xc Drivers/STM32F4xx_HAL_Driver/Src/stm32f4xx_hal.o
                0x08000b0c                HAL_GetTick
 .text.HAL_CAN_ConfigFilter
                0x08000b18       0xf4 Drivers/STM32F4xx_HAL_Driver/Src/stm32f4xx_hal_can.o
                0x08000b18                HAL_CAN_ConfigFilter
 .text.HAL_CAN_Init
                0x08000c0c      0x12c Drivers/STM32F4xx_HAL_Driver/Src/stm32f4xx_hal_can.o
                0x08000c0c                HAL_CAN_Init
 .text.HAL_CAN_Transmit_IT
                0x08000d38       0xe0 Drivers/STM32F4xx_HAL_Driver/Src/stm32f4xx_hal_can.o
                0x08000d38                HAL_CAN_Transmit_IT
 .text.HAL_CAN_Receive_IT
                0x08000e18       0x5e Drivers/STM32F4xx_HAL_Driver/Src/stm32f4xx_hal_can.o
                0x08000e18                HAL_CAN_Receive_IT
 .text.HAL_CAN_TxCpltCallback
                0x08000e76        0x2 Drivers/STM32F4xx_HAL_Driver/Src/stm32f4xx_hal_can.o
                0x08000e76                HAL_CAN_TxCpltCallback
 .text.HAL_CAN_RxCpltCallback
                0x08000e78        0x2 Drivers/STM32F4xx_HAL_Driver/Src/stm32f4xx_hal_can.o
                0x08000e78                HAL_CAN_RxCpltCallback
 .text.CAN_Receive_IT
                0x08000e7a       0xf4 Drivers/STM32F4xx_HAL_Driver/Src/stm32f4xx_hal_can.o
 .text.HAL_CAN_ErrorCallback
                0x08000f6e        0x2 Drivers/STM32F4xx_HAL_Driver/Src/stm32f4xx_hal_can.o
                0x08000f6e                HAL_CAN_ErrorCallback
 .text.HAL_CAN_IRQHandler
                0x08000f70      0x168 Drivers/STM32F4xx_HAL_Driver/Src/stm32f4xx_hal_can.o
                0x08000f70                HAL_CAN_IRQHandler
 .text.HAL_NVIC_SetPriorityGrouping
                0x080010d8       0x24 Drivers/STM32F4xx_HAL_Driver/Src/stm32f4xx_hal_cortex.o
                0x080010d8                HAL_NVIC_SetPriorityGrouping
 .text.HAL_NVIC_SetPriority
                0x080010fc       0x68 Drivers/STM32F4xx_HAL_Driver/Src/stm32f4xx_hal_cortex.o
                0x080010fc                HAL_NVIC_SetPriority
 .text.HAL_NVIC_EnableIRQ
                0x08001164       0x18 Drivers/STM32F4xx_HAL_Driver/Src/stm32f4xx_hal_cortex.o
                0x08001164                HAL_NVIC_EnableIRQ
 .text.HAL_SYSTICK_Config
                0x0800117c       0x2c Drivers/STM32F4xx_HAL_Driver/Src/stm32f4xx_hal_cortex.o
                0x0800117c                HAL_SYSTICK_Config
 .text.HAL_SYSTICK_CLKSourceConfig
                0x080011a8       0x18 Drivers/STM32F4xx_HAL_Driver/Src/stm32f4xx_hal_cortex.o
                0x080011a8                HAL_SYSTICK_CLKSourceConfig
 .text.HAL_GPIO_Init
                0x080011c0      0x1c0 Drivers/STM32F4xx_HAL_Driver/Src/stm32f4xx_hal_gpio.o
                0x080011c0                HAL_GPIO_Init
 .text.HAL_GPIO_WritePin
                0x08001380        0x8 Drivers/STM32F4xx_HAL_Driver/Src/stm32f4xx_hal_gpio.o
                0x08001380                HAL_GPIO_WritePin
 .text.HAL_GPIO_TogglePin
                0x08001388        0x8 Drivers/STM32F4xx_HAL_Driver/Src/stm32f4xx_hal_gpio.o
                0x08001388                HAL_GPIO_TogglePin
 .text.HAL_GPIO_EXTI_Callback
                0x08001390        0x2 Drivers/STM32F4xx_HAL_Driver/Src/stm32f4xx_hal_gpio.o
                0x08001390                HAL_GPIO_EXTI_Callback
 *fill*         0x08001392        0x2 
 .text.HAL_GPIO_EXTI_IRQHandler
                0x08001394       0x18 Drivers/STM32F4xx_HAL_Driver/Src/stm32f4xx_hal_gpio.o
                0x08001394                HAL_GPIO_EXTI_IRQHandler
 .text.HAL_RCC_OscConfig
                0x080013ac      0x31c Drivers/STM32F4xx_HAL_Driver/Src/stm32f4xx_hal_rcc.o
                0x080013ac                HAL_RCC_OscConfig
 .text.HAL_RCC_GetSysClockFreq
                0x080016c8       0x7c Drivers/STM32F4xx_HAL_Driver/Src/stm32f4xx_hal_rcc.o
                0x080016c8                HAL_RCC_GetSysClockFreq
 .text.HAL_RCC_ClockConfig
                0x08001744      0x168 Drivers/STM32F4xx_HAL_Driver/Src/stm32f4xx_hal_rcc.o
                0x08001744                HAL_RCC_ClockConfig
 .text.HAL_RCC_GetHCLKFreq
                0x080018ac        0xc Drivers/STM32F4xx_HAL_Driver/Src/stm32f4xx_hal_rcc.o
                0x080018ac                HAL_RCC_GetHCLKFreq
 .text.HAL_RCC_GetPCLK2Freq
                0x080018b8       0x30 Drivers/STM32F4xx_HAL_Driver/Src/stm32f4xx_hal_rcc.o
                0x080018b8                HAL_RCC_GetPCLK2Freq
 .text.HAL_RCC_GetClockConfig
                0x080018e8       0x3c Drivers/STM32F4xx_HAL_Driver/Src/stm32f4xx_hal_rcc.o
                0x080018e8                HAL_RCC_GetClockConfig
 .text.HAL_TIM_Base_MspInit
                0x08001924        0x2 Drivers/STM32F4xx_HAL_Driver/Src/stm32f4xx_hal_tim.o
                0x08001924                HAL_TIM_Base_MspInit
 .text.HAL_TIM_Base_Start_IT
                0x08001926       0x16 Drivers/STM32F4xx_HAL_Driver/Src/stm32f4xx_hal_tim.o
                0x08001926                HAL_TIM_Base_Start_IT
 .text.HAL_TIM_OC_DelayElapsedCallback
                0x0800193c        0x2 Drivers/STM32F4xx_HAL_Driver/Src/stm32f4xx_hal_tim.o
                0x0800193c                HAL_TIM_OC_DelayElapsedCallback
 .text.HAL_TIM_IC_CaptureCallback
                0x0800193e        0x2 Drivers/STM32F4xx_HAL_Driver/Src/stm32f4xx_hal_tim.o
                0x0800193e                HAL_TIM_IC_CaptureCallback
 .text.HAL_TIM_PWM_PulseFinishedCallback
                0x08001940        0x2 Drivers/STM32F4xx_HAL_Driver/Src/stm32f4xx_hal_tim.o
                0x08001940                HAL_TIM_PWM_PulseFinishedCallback
 .text.HAL_TIM_TriggerCallback
                0x08001942        0x2 Drivers/STM32F4xx_HAL_Driver/Src/stm32f4xx_hal_tim.o
                0x08001942                HAL_TIM_TriggerCallback
 .text.HAL_TIM_IRQHandler
                0x08001944      0x144 Drivers/STM32F4xx_HAL_Driver/Src/stm32f4xx_hal_tim.o
                0x08001944                HAL_TIM_IRQHandler
 .text.TIM_Base_SetConfig
                0x08001a88       0xc8 Drivers/STM32F4xx_HAL_Driver/Src/stm32f4xx_hal_tim.o
                0x08001a88                TIM_Base_SetConfig
 .text.HAL_TIM_Base_Init
                0x08001b50       0x34 Drivers/STM32F4xx_HAL_Driver/Src/stm32f4xx_hal_tim.o
                0x08001b50                HAL_TIM_Base_Init
 .text.HAL_TIMEx_CommutationCallback
                0x08001b84        0x2 Drivers/STM32F4xx_HAL_Driver/Src/stm32f4xx_hal_tim_ex.o
                0x08001b84                HAL_TIMEx_CommutationCallback
 .text.HAL_TIMEx_BreakCallback
                0x08001b86        0x2 Drivers/STM32F4xx_HAL_Driver/Src/stm32f4xx_hal_tim_ex.o
                0x08001b86                HAL_TIMEx_BreakCallback
 .text.osKernelStart
                0x08001b88        0xa Middlewares/Third_Party/FreeRTOS/Source/CMSIS_RTOS/cmsis_os.o
                0x08001b88                osKernelStart
 .text.osThreadCreate
                0x08001b92       0x38 Middlewares/Third_Party/FreeRTOS/Source/CMSIS_RTOS/cmsis_os.o
                0x08001b92                osThreadCreate
 .text.osDelay  0x08001bca       0x10 Middlewares/Third_Party/FreeRTOS/Source/CMSIS_RTOS/cmsis_os.o
                0x08001bca                osDelay
 .text.osSystickHandler
                0x08001bda       0x14 Middlewares/Third_Party/FreeRTOS/Source/CMSIS_RTOS/cmsis_os.o
                0x08001bda                osSystickHandler
 .text.vListInitialise
                0x08001bee       0x16 Middlewares/Third_Party/FreeRTOS/Source/list.o
                0x08001bee                vListInitialise
 .text.vListInitialiseItem
                0x08001c04        0x6 Middlewares/Third_Party/FreeRTOS/Source/list.o
                0x08001c04                vListInitialiseItem
 .text.vListInsertEnd
                0x08001c0a       0x18 Middlewares/Third_Party/FreeRTOS/Source/list.o
                0x08001c0a                vListInsertEnd
 .text.vListInsert
                0x08001c22       0x30 Middlewares/Third_Party/FreeRTOS/Source/list.o
                0x08001c22                vListInsert
 .text.uxListRemove
                0x08001c52       0x20 Middlewares/Third_Party/FreeRTOS/Source/list.o
                0x08001c52                uxListRemove
 .text.unlikely.prvCopyDataToQueue
                0x08001c72       0x6a Middlewares/Third_Party/FreeRTOS/Source/queue.o
 .text.unlikely.prvCopyDataFromQueue
                0x08001cdc       0x2a Middlewares/Third_Party/FreeRTOS/Source/queue.o
 .text.prvUnlockQueue
                0x08001d06       0x68 Middlewares/Third_Party/FreeRTOS/Source/queue.o
 *fill*         0x08001d6e        0x2 
 .text.xQueueGenericReset
                0x08001d70       0x80 Middlewares/Third_Party/FreeRTOS/Source/queue.o
                0x08001d70                xQueueGenericReset
 .text.xQueueGenericCreate
                0x08001df0       0x64 Middlewares/Third_Party/FreeRTOS/Source/queue.o
                0x08001df0                xQueueGenericCreate
 .text.xQueueGenericSend
                0x08001e54      0x164 Middlewares/Third_Party/FreeRTOS/Source/queue.o
                0x08001e54                xQueueGenericSend
 .text.xQueueCreateMutex
                0x08001fb8       0x4a Middlewares/Third_Party/FreeRTOS/Source/queue.o
                0x08001fb8                xQueueCreateMutex
 .text.xQueueGenericSendFromISR
                0x08002002       0xb8 Middlewares/Third_Party/FreeRTOS/Source/queue.o
                0x08002002                xQueueGenericSendFromISR
 *fill*         0x080020ba        0x2 
 .text.xQueueGenericReceive
                0x080020bc      0x16c Middlewares/Third_Party/FreeRTOS/Source/queue.o
                0x080020bc                xQueueGenericReceive
 .text.prvResetNextTaskUnblockTime
                0x08002228       0x20 Middlewares/Third_Party/FreeRTOS/Source/tasks.o
 .text.prvAddCurrentTaskToDelayedList
                0x08002248       0x38 Middlewares/Third_Party/FreeRTOS/Source/tasks.o
 .text.xTaskGenericCreate.part.5
                0x08002280      0x1a0 Middlewares/Third_Party/FreeRTOS/Source/tasks.o
 .text.vTaskSetTimeOutState.part.7
                0x08002420       0x12 Middlewares/Third_Party/FreeRTOS/Source/tasks.o
 .text.xTaskGenericCreate
                0x08002432       0x3c Middlewares/Third_Party/FreeRTOS/Source/tasks.o
                0x08002432                xTaskGenericCreate
 *fill*         0x0800246e        0x2 
 .text.vTaskDelete
                0x08002470       0xb8 Middlewares/Third_Party/FreeRTOS/Source/tasks.o
                0x08002470                vTaskDelete
 .text.vTaskStartScheduler
                0x08002528       0x68 Middlewares/Third_Party/FreeRTOS/Source/tasks.o
                0x08002528                vTaskStartScheduler
 .text.vTaskSuspendAll
                0x08002590       0x14 Middlewares/Third_Party/FreeRTOS/Source/tasks.o
                0x08002590                vTaskSuspendAll
 .text.xTaskGetTickCount
                0x080025a4        0xc Middlewares/Third_Party/FreeRTOS/Source/tasks.o
                0x080025a4                xTaskGetTickCount
 .text.xTaskIncrementTick
                0x080025b0       0xf4 Middlewares/Third_Party/FreeRTOS/Source/tasks.o
                0x080025b0                xTaskIncrementTick
 .text.xTaskResumeAll
                0x080026a4       0xe8 Middlewares/Third_Party/FreeRTOS/Source/tasks.o
                0x080026a4                xTaskResumeAll
 .text.vTaskDelay
                0x0800278c       0x70 Middlewares/Third_Party/FreeRTOS/Source/tasks.o
                0x0800278c                vTaskDelay
 .text.prvIdleTask
                0x080027fc       0x70 Middlewares/Third_Party/FreeRTOS/Source/tasks.o
 .text.vTaskSwitchContext
                0x0800286c       0x68 Middlewares/Third_Party/FreeRTOS/Source/tasks.o
                0x0800286c                vTaskSwitchContext
 .text.vTaskPlaceOnEventList
                0x080028d4       0x68 Middlewares/Third_Party/FreeRTOS/Source/tasks.o
                0x080028d4                vTaskPlaceOnEventList
 .text.xTaskRemoveFromEventList
                0x0800293c       0x78 Middlewares/Third_Party/FreeRTOS/Source/tasks.o
                0x0800293c                xTaskRemoveFromEventList
 .text.vTaskSetTimeOutState
                0x080029b4       0x1c Middlewares/Third_Party/FreeRTOS/Source/tasks.o
                0x080029b4                vTaskSetTimeOutState
 .text.xTaskCheckForTimeOut
                0x080029d0       0x70 Middlewares/Third_Party/FreeRTOS/Source/tasks.o
                0x080029d0                xTaskCheckForTimeOut
 .text.vTaskMissedYield
                0x08002a40       0x10 Middlewares/Third_Party/FreeRTOS/Source/tasks.o
                0x08002a40                vTaskMissedYield
 .text.xTaskGetSchedulerState
                0x08002a50       0x20 Middlewares/Third_Party/FreeRTOS/Source/tasks.o
                0x08002a50                xTaskGetSchedulerState
 .text.vTaskPriorityInherit
                0x08002a70       0x94 Middlewares/Third_Party/FreeRTOS/Source/tasks.o
                0x08002a70                vTaskPriorityInherit
 .text.xTaskPriorityDisinherit
                0x08002b04       0xa4 Middlewares/Third_Party/FreeRTOS/Source/tasks.o
                0x08002b04                xTaskPriorityDisinherit
 .text.pvTaskIncrementMutexHeldCount
                0x08002ba8       0x18 Middlewares/Third_Party/FreeRTOS/Source/tasks.o
                0x08002ba8                pvTaskIncrementMutexHeldCount
 .text.prvTaskExitError
                0x08002bc0       0x30 Middlewares/Third_Party/FreeRTOS/Source/portable/GCC/ARM_CM4F/port.o
 .text.prvPortStartFirstTask
                0x08002bf0       0x20 Middlewares/Third_Party/FreeRTOS/Source/portable/GCC/ARM_CM4F/port.o
 .text.vPortEnableVFP
                0x08002c10       0x14 Middlewares/Third_Party/FreeRTOS/Source/portable/GCC/ARM_CM4F/port.o
 .text.pxPortInitialiseStack
                0x08002c24       0x24 Middlewares/Third_Party/FreeRTOS/Source/portable/GCC/ARM_CM4F/port.o
                0x08002c24                pxPortInitialiseStack
 .text.SVC_Handler
                0x08002c48       0x20 Middlewares/Third_Party/FreeRTOS/Source/portable/GCC/ARM_CM4F/port.o
                0x08002c48                SVC_Handler
 .text.vPortEnterCritical
                0x08002c68       0x44 Middlewares/Third_Party/FreeRTOS/Source/portable/GCC/ARM_CM4F/port.o
                0x08002c68                vPortEnterCritical
 .text.vPortExitCritical
                0x08002cac       0x28 Middlewares/Third_Party/FreeRTOS/Source/portable/GCC/ARM_CM4F/port.o
                0x08002cac                vPortExitCritical
 .text.PendSV_Handler
                0x08002cd4       0x60 Middlewares/Third_Party/FreeRTOS/Source/portable/GCC/ARM_CM4F/port.o
                0x08002cd4                PendSV_Handler
 .text.xPortSysTickHandler
                0x08002d34       0x30 Middlewares/Third_Party/FreeRTOS/Source/portable/GCC/ARM_CM4F/port.o
                0x08002d34                xPortSysTickHandler
 .text.vPortSetupTimerInterrupt
                0x08002d64       0x28 Middlewares/Third_Party/FreeRTOS/Source/portable/GCC/ARM_CM4F/port.o
                0x08002d64                vPortSetupTimerInterrupt
 .text.xPortStartScheduler
                0x08002d8c       0xe4 Middlewares/Third_Party/FreeRTOS/Source/portable/GCC/ARM_CM4F/port.o
                0x08002d8c                xPortStartScheduler
 .text.vPortValidateInterruptPriority
                0x08002e70       0x54 Middlewares/Third_Party/FreeRTOS/Source/portable/GCC/ARM_CM4F/port.o
                0x08002e70                vPortValidateInterruptPriority
 .text.unlikely.prvInsertBlockIntoFreeList
                0x08002ec4       0x44 Middlewares/Third_Party/FreeRTOS/Source/portable/MemMang/heap_4.o
 .text.pvPortMalloc
                0x08002f08      0x120 Middlewares/Third_Party/FreeRTOS/Source/portable/MemMang/heap_4.o
                0x08002f08                pvPortMalloc
 .text.vPortFree
                0x08003028       0x70 Middlewares/Third_Party/FreeRTOS/Source/portable/MemMang/heap_4.o
                0x08003028                vPortFree
 .text.CANFilterConfig
                0x08003098       0x58 Src/CANProcess.o
                0x08003098                CANFilterConfig
 .text.taskTXCAN
                0x080030f0       0x54 Src/CANProcess.o
                0x080030f0                taskTXCAN
 .text.taskRXCAN
                0x08003144       0x40 Src/CANProcess.o
                0x08003144                taskRXCAN
 .text.processWheelModuleFrame
                0x08003184       0x14 Src/CANProcess.o
                0x08003184                processWheelModuleFrame
 .text.processPedalboxFrame
                0x08003198       0x80 Src/CANProcess.o
                0x08003198                processPedalboxFrame
 .text.processCalibrate
                0x08003218       0x30 Src/CANProcess.o
                0x08003218                processCalibrate
 .text.taskRXCANProcess
                0x08003248       0x64 Src/CANProcess.o
                0x08003248                taskRXCANProcess
 *fill*         0x080032ac        0x4 
 .text.taskPedalBoxMsgHandler
                0x080032b0      0x24c Src/PedalBox.o
                0x080032b0                taskPedalBoxMsgHandler
 .text.carSetBrakeLight
                0x080034fc       0x10 Src/car.o
                0x080034fc                carSetBrakeLight
 .text.carInit  0x0800350c       0x20 Src/car.o
                0x0800350c                carInit
 .text.ISR_StartButtonPressed
                0x0800352c       0x10 Src/car.o
                0x0800352c                ISR_StartButtonPressed
 .text.StartDefaultTask
                0x0800353c        0xa Src/main.o
                0x0800353c                StartDefaultTask
 *fill*         0x08003546        0x2 
 .text.SystemClock_Config
                0x08003548       0xa8 Src/main.o
                0x08003548                SystemClock_Config
 .text.startup.main
                0x080035f0      0x2e4 Src/main.o
                0x080035f0                main
 .text.HAL_TIM_PeriodElapsedCallback
                0x080038d4       0x14 Src/main.o
                0x080038d4                HAL_TIM_PeriodElapsedCallback
 .text.taskSoundBuzzer
                0x080038e8       0x30 Src/main_module_tasks.o
                0x080038e8                taskSoundBuzzer
 .text.taskCarMainRoutine
                0x08003918       0xd8 Src/main_module_tasks.o
                0x08003918                taskCarMainRoutine
 .text.initRTOSObjects
                0x080039f0       0xe0 Src/main_module_tasks.o
                0x080039f0                initRTOSObjects
 .text.mcCmdTorque
                0x08003ad0       0x3c Src/motor_controller_functions.o
                0x08003ad0                mcCmdTorque
 .text.HAL_MspInit
                0x08003b0c       0x60 Src/stm32f4xx_hal_msp.o
                0x08003b0c                HAL_MspInit
 .text.HAL_CAN_MspInit
                0x08003b6c       0x7c Src/stm32f4xx_hal_msp.o
                0x08003b6c                HAL_CAN_MspInit
 .text.HAL_InitTick
                0x08003be8       0x7c Src/stm32f4xx_hal_timebase_TIM.o
                0x08003be8                HAL_InitTick
 .text.NMI_Handler
                0x08003c64        0x2 Src/stm32f4xx_it.o
                0x08003c64                NMI_Handler
 .text.HardFault_Handler
                0x08003c66        0x2 Src/stm32f4xx_it.o
                0x08003c66                HardFault_Handler
 .text.MemManage_Handler
                0x08003c68        0x2 Src/stm32f4xx_it.o
                0x08003c68                MemManage_Handler
 .text.BusFault_Handler
                0x08003c6a        0x2 Src/stm32f4xx_it.o
                0x08003c6a                BusFault_Handler
 .text.UsageFault_Handler
                0x08003c6c        0x2 Src/stm32f4xx_it.o
                0x08003c6c                UsageFault_Handler
 .text.DebugMon_Handler
                0x08003c6e        0x2 Src/stm32f4xx_it.o
                0x08003c6e                DebugMon_Handler
 .text.SysTick_Handler
                0x08003c70        0x4 Src/stm32f4xx_it.o
                0x08003c70                SysTick_Handler
 .text.EXTI0_IRQHandler
                0x08003c74       0x28 Src/stm32f4xx_it.o
                0x08003c74                EXTI0_IRQHandler
 .text.CAN1_TX_IRQHandler
                0x08003c9c        0xc Src/stm32f4xx_it.o
                0x08003c9c                CAN1_TX_IRQHandler
 .text.CAN1_RX1_IRQHandler
                0x08003ca8       0x24 Src/stm32f4xx_it.o
                0x08003ca8                CAN1_RX1_IRQHandler
 .text.CAN1_RX0_IRQHandler
                0x08003ccc        0x4 Src/stm32f4xx_it.o
                0x08003ccc                CAN1_RX0_IRQHandler
 .text.TIM1_UP_TIM10_IRQHandler
                0x08003cd0        0xc Src/stm32f4xx_it.o
                0x08003cd0                TIM1_UP_TIM10_IRQHandler
 .text.EXTI15_10_IRQHandler
                0x08003cdc       0x20 Src/stm32f4xx_it.o
                0x08003cdc                EXTI15_10_IRQHandler
 .text.SystemInit
                0x08003cfc       0x4c Src/system_stm32f4xx.o
                0x08003cfc                SystemInit
 .text.Reset_Handler
                0x08003d48       0x50 startup/startup_stm32f407xx.o
                0x08003d48                Reset_Handler
 .text.Default_Handler
                0x08003d98        0x2 startup/startup_stm32f407xx.o
                0x08003d98                RTC_Alarm_IRQHandler
                0x08003d98                HASH_RNG_IRQHandler
                0x08003d98                EXTI2_IRQHandler
                0x08003d98                TIM8_CC_IRQHandler
                0x08003d98                TIM1_CC_IRQHandler
                0x08003d98                DMA2_Stream5_IRQHandler
                0x08003d98                DMA1_Stream5_IRQHandler
                0x08003d98                PVD_IRQHandler
                0x08003d98                SDIO_IRQHandler
                0x08003d98                TAMP_STAMP_IRQHandler
                0x08003d98                CAN2_RX1_IRQHandler
                0x08003d98                EXTI3_IRQHandler
                0x08003d98                TIM8_TRG_COM_TIM14_IRQHandler
                0x08003d98                TIM8_UP_TIM13_IRQHandler
                0x08003d98                I2C3_ER_IRQHandler
                0x08003d98                I2C2_EV_IRQHandler
                0x08003d98                DMA1_Stream2_IRQHandler
                0x08003d98                FPU_IRQHandler
                0x08003d98                OTG_HS_WKUP_IRQHandler
                0x08003d98                CAN2_SCE_IRQHandler
                0x08003d98                DMA2_Stream2_IRQHandler
                0x08003d98                SPI1_IRQHandler
                0x08003d98                TIM6_DAC_IRQHandler
                0x08003d98                TIM1_BRK_TIM9_IRQHandler
                0x08003d98                DCMI_IRQHandler
                0x08003d98                CAN2_RX0_IRQHandler
                0x08003d98                DMA2_Stream3_IRQHandler
                0x08003d98                USART6_IRQHandler
                0x08003d98                USART3_IRQHandler
                0x08003d98                UART5_IRQHandler
                0x08003d98                DMA2_Stream0_IRQHandler
                0x08003d98                TIM4_IRQHandler
                0x08003d98                I2C1_EV_IRQHandler
                0x08003d98                DMA1_Stream6_IRQHandler
                0x08003d98                DMA1_Stream1_IRQHandler
                0x08003d98                UART4_IRQHandler
                0x08003d98                TIM3_IRQHandler
                0x08003d98                RCC_IRQHandler
                0x08003d98                TIM8_BRK_TIM12_IRQHandler
                0x08003d98                Default_Handler
                0x08003d98                ADC_IRQHandler
                0x08003d98                DMA1_Stream7_IRQHandler
                0x08003d98                TIM7_IRQHandler
                0x08003d98                CAN2_TX_IRQHandler
                0x08003d98                TIM5_IRQHandler
                0x08003d98                DMA2_Stream7_IRQHandler
                0x08003d98                I2C3_EV_IRQHandler
                0x08003d98                EXTI9_5_IRQHandler
                0x08003d98                RTC_WKUP_IRQHandler
                0x08003d98                ETH_WKUP_IRQHandler
                0x08003d98                SPI2_IRQHandler
                0x08003d98                OTG_HS_EP1_IN_IRQHandler
                0x08003d98                DMA1_Stream0_IRQHandler
                0x08003d98                EXTI4_IRQHandler
                0x08003d98                FSMC_IRQHandler
                0x08003d98                ETH_IRQHandler
                0x08003d98                OTG_HS_EP1_OUT_IRQHandler
                0x08003d98                WWDG_IRQHandler
                0x08003d98                TIM2_IRQHandler
                0x08003d98                OTG_FS_WKUP_IRQHandler
                0x08003d98                TIM1_TRG_COM_TIM11_IRQHandler
                0x08003d98                OTG_HS_IRQHandler
                0x08003d98                EXTI1_IRQHandler
                0x08003d98                USART2_IRQHandler
                0x08003d98                I2C2_ER_IRQHandler
                0x08003d98                DMA2_Stream1_IRQHandler
                0x08003d98                CAN1_SCE_IRQHandler
                0x08003d98                FLASH_IRQHandler
                0x08003d98                DMA2_Stream4_IRQHandler
                0x08003d98                USART1_IRQHandler
                0x08003d98                OTG_FS_IRQHandler
                0x08003d98                SPI3_IRQHandler
                0x08003d98                DMA1_Stream4_IRQHandler
                0x08003d98                I2C1_ER_IRQHandler
                0x08003d98                DMA2_Stream6_IRQHandler
                0x08003d98                DMA1_Stream3_IRQHandler
 *fill*         0x08003d9a        0x2 
 .text.__libc_init_array
                0x08003d9c       0x4c /home/ben/Data/PER/Ac6/SystemWorkbench/plugins/fr.ac6.mcu.externaltools.arm-none.linux64_1.12.0.201611241417/tools/compiler/bin/../lib/gcc/arm-none-eabi/5.4.1/../../../../arm-none-eabi/lib/armv7e-m/fpu/libc_nano.a(lib_a-init.o)
                0x08003d9c                __libc_init_array
 .text.memcpy   0x08003de8       0x16 /home/ben/Data/PER/Ac6/SystemWorkbench/plugins/fr.ac6.mcu.externaltools.arm-none.linux64_1.12.0.201611241417/tools/compiler/bin/../lib/gcc/arm-none-eabi/5.4.1/../../../../arm-none-eabi/lib/armv7e-m/fpu/libc_nano.a(lib_a-memcpy-stub.o)
                0x08003de8                memcpy
 .text.memset   0x08003dfe       0x10 /home/ben/Data/PER/Ac6/SystemWorkbench/plugins/fr.ac6.mcu.externaltools.arm-none.linux64_1.12.0.201611241417/tools/compiler/bin/../lib/gcc/arm-none-eabi/5.4.1/../../../../arm-none-eabi/lib/armv7e-m/fpu/libc_nano.a(lib_a-memset.o)
                0x08003dfe                memset
 *(.glue_7)
 .glue_7        0x08003e0e        0x0 linker stubs
 *(.glue_7t)
 .glue_7t       0x08003e0e        0x0 linker stubs
 *(.eh_frame)
 *fill*         0x08003e0e        0x2 
 .eh_frame      0x08003e10        0x0 /home/ben/Data/PER/Ac6/SystemWorkbench/plugins/fr.ac6.mcu.externaltools.arm-none.linux64_1.12.0.201611241417/tools/compiler/bin/../lib/gcc/arm-none-eabi/5.4.1/armv7e-m/fpu/crtbegin.o
 *(.init)
 .init          0x08003e10        0x4 /home/ben/Data/PER/Ac6/SystemWorkbench/plugins/fr.ac6.mcu.externaltools.arm-none.linux64_1.12.0.201611241417/tools/compiler/bin/../lib/gcc/arm-none-eabi/5.4.1/armv7e-m/fpu/crti.o
                0x08003e10                _init
 .init          0x08003e14        0x8 /home/ben/Data/PER/Ac6/SystemWorkbench/plugins/fr.ac6.mcu.externaltools.arm-none.linux64_1.12.0.201611241417/tools/compiler/bin/../lib/gcc/arm-none-eabi/5.4.1/armv7e-m/fpu/crtn.o
 *(.fini)
 .fini          0x08003e1c        0x4 /home/ben/Data/PER/Ac6/SystemWorkbench/plugins/fr.ac6.mcu.externaltools.arm-none.linux64_1.12.0.201611241417/tools/compiler/bin/../lib/gcc/arm-none-eabi/5.4.1/armv7e-m/fpu/crti.o
                0x08003e1c                _fini
 .fini          0x08003e20        0x8 /home/ben/Data/PER/Ac6/SystemWorkbench/plugins/fr.ac6.mcu.externaltools.arm-none.linux64_1.12.0.201611241417/tools/compiler/bin/../lib/gcc/arm-none-eabi/5.4.1/armv7e-m/fpu/crtn.o
                0x08003e28                . = ALIGN (0x4)
                0x08003e28                _etext = .

.vfp11_veneer   0x08003e28        0x0
 .vfp11_veneer  0x08003e28        0x0 linker stubs

.v4_bx          0x08003e28        0x0
 .v4_bx         0x08003e28        0x0 linker stubs

.iplt           0x08003e28        0x0
 .iplt          0x08003e28        0x0 /home/ben/Data/PER/Ac6/SystemWorkbench/plugins/fr.ac6.mcu.externaltools.arm-none.linux64_1.12.0.201611241417/tools/compiler/bin/../lib/gcc/arm-none-eabi/5.4.1/armv7e-m/fpu/crtbegin.o

.rodata         0x08003e28       0x84
                0x08003e28                . = ALIGN (0x4)
 *(.rodata)
 .rodata        0x08003e28       0x10 Drivers/STM32F4xx_HAL_Driver/Src/stm32f4xx_hal_rcc.o
                0x08003e28                APBAHBPrescTable
 .rodata        0x08003e38       0x14 Src/main.o
 *(.rodata*)
 .rodata.str1.1
                0x08003e4c        0x5 Middlewares/Third_Party/FreeRTOS/Source/tasks.o
 .rodata.str1.1
                0x08003e51        0xc Src/main.o
 .rodata.str1.1
                0x08003e5d       0x4c Src/main_module_tasks.o
                0x08003eac                . = ALIGN (0x4)
 *fill*         0x08003ea9        0x3 

.rel.dyn        0x08003eac        0x0
 .rel.iplt      0x08003eac        0x0 /home/ben/Data/PER/Ac6/SystemWorkbench/plugins/fr.ac6.mcu.externaltools.arm-none.linux64_1.12.0.201611241417/tools/compiler/bin/../lib/gcc/arm-none-eabi/5.4.1/armv7e-m/fpu/crtbegin.o

.ARM.extab
 *(.ARM.extab* .gnu.linkonce.armextab.*)

.ARM            0x08003eac        0x0
                0x08003eac                __exidx_start = .
 *(.ARM.exidx*)
                0x08003eac                __exidx_end = .

.preinit_array  0x08003eac        0x0
                0x08003eac                PROVIDE (__preinit_array_start, .)
 *(.preinit_array*)
                0x08003eac                PROVIDE (__preinit_array_end, .)

.init_array     0x08003eac        0x4
                0x08003eac                PROVIDE (__init_array_start, .)
 *(SORT(.init_array.*))
 *(.init_array*)
 .init_array    0x08003eac        0x4 /home/ben/Data/PER/Ac6/SystemWorkbench/plugins/fr.ac6.mcu.externaltools.arm-none.linux64_1.12.0.201611241417/tools/compiler/bin/../lib/gcc/arm-none-eabi/5.4.1/armv7e-m/fpu/crtbegin.o
                0x08003eb0                PROVIDE (__init_array_end, .)

.fini_array     0x08003eb0        0x4
                [!provide]                PROVIDE (__fini_array_start, .)
 *(SORT(.fini_array.*))
 *(.fini_array*)
 .fini_array    0x08003eb0        0x4 /home/ben/Data/PER/Ac6/SystemWorkbench/plugins/fr.ac6.mcu.externaltools.arm-none.linux64_1.12.0.201611241417/tools/compiler/bin/../lib/gcc/arm-none-eabi/5.4.1/armv7e-m/fpu/crtbegin.o
                [!provide]                PROVIDE (__fini_array_end, .)
                0x08003eb4                _sidata = LOADADDR (.data)

.data           0x20000000        0x8 load address 0x08003eb4
                0x20000000                . = ALIGN (0x4)
                0x20000000                _sdata = .
 *(.data)
 .data          0x20000000        0x4 Middlewares/Third_Party/FreeRTOS/Source/portable/GCC/ARM_CM4F/port.o
 .data          0x20000004        0x4 Src/system_stm32f4xx.o
                0x20000004                SystemCoreClock
 *(.data*)
                0x20000008                . = ALIGN (0x4)
                0x20000008                _edata = .
                0x08003ebc                _siccmram = LOADADDR (.ccmram)

.jcr            0x20000008        0x0 load address 0x08003ebc
 .jcr           0x20000008        0x0 /home/ben/Data/PER/Ac6/SystemWorkbench/plugins/fr.ac6.mcu.externaltools.arm-none.linux64_1.12.0.201611241417/tools/compiler/bin/../lib/gcc/arm-none-eabi/5.4.1/armv7e-m/fpu/crtbegin.o

.igot.plt       0x20000008        0x0 load address 0x08003ebc
 .igot.plt      0x20000008        0x0 /home/ben/Data/PER/Ac6/SystemWorkbench/plugins/fr.ac6.mcu.externaltools.arm-none.linux64_1.12.0.201611241417/tools/compiler/bin/../lib/gcc/arm-none-eabi/5.4.1/armv7e-m/fpu/crtbegin.o

.ccmram         0x10000000        0x0 load address 0x08003ebc
                0x10000000                . = ALIGN (0x4)
                0x10000000                _sccmram = .
 *(.ccmram)
 *(.ccmram*)
                0x10000000                . = ALIGN (0x4)
                0x10000000                _eccmram = .
                0x10000000                . = ALIGN (0x4)

.bss            0x20000008     0x3e88
                0x20000008                _sbss = .
                0x20000008                __bss_start__ = _sbss
 *(.bss)
 .bss           0x20000008       0x1c /home/ben/Data/PER/Ac6/SystemWorkbench/plugins/fr.ac6.mcu.externaltools.arm-none.linux64_1.12.0.201611241417/tools/compiler/bin/../lib/gcc/arm-none-eabi/5.4.1/armv7e-m/fpu/crtbegin.o
 .bss           0x20000024      0x128 Middlewares/Third_Party/FreeRTOS/Source/tasks.o
                0x2000002c                pxCurrentTCB
 .bss           0x2000014c        0x8 Middlewares/Third_Party/FreeRTOS/Source/portable/GCC/ARM_CM4F/port.o
 .bss           0x20000154     0x3c18 Middlewares/Third_Party/FreeRTOS/Source/portable/MemMang/heap_4.o
 *(.bss*)
 *(COMMON)
 COMMON         0x20003d6c        0x4 Drivers/STM32F4xx_HAL_Driver/Src/stm32f4xx_hal.o
                0x20003d6c                uwTick
 COMMON         0x20003d70       0xe4 Src/main.o
                0x20003d70                car
                0x20003db0                BMS
                0x20003e00                defaultTaskHandle
                0x20003e04                wheelModule
                0x20003e0c                hcan1
                0x20003e4c                m_CAN
                0x20003e50                q_txcan
 COMMON         0x20003e54       0x3c Src/stm32f4xx_hal_timebase_TIM.o
                0x20003e54                htim1
                0x20003e90                . = ALIGN (0x4)
                0x20003e90                _ebss = .
                0x20003e90                __bss_end__ = _ebss

._user_heap_stack
                0x20003e90      0xc00
                0x20003e90                . = ALIGN (0x8)
                [!provide]                PROVIDE (end, .)
                [!provide]                PROVIDE (_end, .)
                0x20004290                . = (. + _Min_Heap_Size)
 *fill*         0x20003e90      0x400 
                0x20004a90                . = (. + _Min_Stack_Size)
 *fill*         0x20004290      0x800 
                0x20004a90                . = ALIGN (0x8)

/DISCARD/
 libc.a(*)
 libm.a(*)
 libgcc.a(*)

.ARM.attributes
                0x00000000       0x30
 *(.ARM.attributes)
 .ARM.attributes
                0x00000000       0x22 /home/ben/Data/PER/Ac6/SystemWorkbench/plugins/fr.ac6.mcu.externaltools.arm-none.linux64_1.12.0.201611241417/tools/compiler/bin/../lib/gcc/arm-none-eabi/5.4.1/armv7e-m/fpu/crti.o
 .ARM.attributes
                0x00000022       0x34 /home/ben/Data/PER/Ac6/SystemWorkbench/plugins/fr.ac6.mcu.externaltools.arm-none.linux64_1.12.0.201611241417/tools/compiler/bin/../lib/gcc/arm-none-eabi/5.4.1/armv7e-m/fpu/crtbegin.o
 .ARM.attributes
                0x00000056       0x39 Drivers/STM32F4xx_HAL_Driver/Src/stm32f4xx_hal.o
 .ARM.attributes
                0x0000008f       0x39 Drivers/STM32F4xx_HAL_Driver/Src/stm32f4xx_hal_can.o
 .ARM.attributes
                0x000000c8       0x39 Drivers/STM32F4xx_HAL_Driver/Src/stm32f4xx_hal_cortex.o
 .ARM.attributes
                0x00000101       0x39 Drivers/STM32F4xx_HAL_Driver/Src/stm32f4xx_hal_gpio.o
 .ARM.attributes
                0x0000013a       0x39 Drivers/STM32F4xx_HAL_Driver/Src/stm32f4xx_hal_rcc.o
 .ARM.attributes
                0x00000173       0x39 Drivers/STM32F4xx_HAL_Driver/Src/stm32f4xx_hal_tim.o
 .ARM.attributes
                0x000001ac       0x39 Drivers/STM32F4xx_HAL_Driver/Src/stm32f4xx_hal_tim_ex.o
 .ARM.attributes
                0x000001e5       0x39 Middlewares/Third_Party/FreeRTOS/Source/CMSIS_RTOS/cmsis_os.o
 .ARM.attributes
                0x0000021e       0x39 Middlewares/Third_Party/FreeRTOS/Source/list.o
 .ARM.attributes
                0x00000257       0x39 Middlewares/Third_Party/FreeRTOS/Source/queue.o
 .ARM.attributes
                0x00000290       0x39 Middlewares/Third_Party/FreeRTOS/Source/tasks.o
 .ARM.attributes
                0x000002c9       0x39 Middlewares/Third_Party/FreeRTOS/Source/portable/GCC/ARM_CM4F/port.o
 .ARM.attributes
                0x00000302       0x39 Middlewares/Third_Party/FreeRTOS/Source/portable/MemMang/heap_4.o
 .ARM.attributes
                0x0000033b       0x39 Src/CANProcess.o
 .ARM.attributes
                0x00000374       0x39 Src/PedalBox.o
 .ARM.attributes
                0x000003ad       0x39 Src/car.o
 .ARM.attributes
                0x000003e6       0x39 Src/main.o
 .ARM.attributes
                0x0000041f       0x39 Src/main_module_tasks.o
 .ARM.attributes
                0x00000458       0x39 Src/motor_controller_functions.o
 .ARM.attributes
                0x00000491       0x39 Src/stm32f4xx_hal_msp.o
 .ARM.attributes
                0x000004ca       0x39 Src/stm32f4xx_hal_timebase_TIM.o
 .ARM.attributes
                0x00000503       0x39 Src/stm32f4xx_it.o
 .ARM.attributes
                0x0000053c       0x39 Src/system_stm32f4xx.o
 .ARM.attributes
                0x00000575       0x21 startup/startup_stm32f407xx.o
 .ARM.attributes
                0x00000596       0x22 /home/ben/Data/PER/Ac6/SystemWorkbench/plugins/fr.ac6.mcu.externaltools.arm-none.linux64_1.12.0.201611241417/tools/compiler/bin/../lib/gcc/arm-none-eabi/5.4.1/armv7e-m/fpu/libgcc.a(_arm_addsubdf3.o)
 .ARM.attributes
                0x000005b8       0x22 /home/ben/Data/PER/Ac6/SystemWorkbench/plugins/fr.ac6.mcu.externaltools.arm-none.linux64_1.12.0.201611241417/tools/compiler/bin/../lib/gcc/arm-none-eabi/5.4.1/armv7e-m/fpu/libgcc.a(_arm_muldivdf3.o)
 .ARM.attributes
                0x000005da       0x22 /home/ben/Data/PER/Ac6/SystemWorkbench/plugins/fr.ac6.mcu.externaltools.arm-none.linux64_1.12.0.201611241417/tools/compiler/bin/../lib/gcc/arm-none-eabi/5.4.1/armv7e-m/fpu/libgcc.a(_arm_cmpdf2.o)
 .ARM.attributes
                0x000005fc       0x22 /home/ben/Data/PER/Ac6/SystemWorkbench/plugins/fr.ac6.mcu.externaltools.arm-none.linux64_1.12.0.201611241417/tools/compiler/bin/../lib/gcc/arm-none-eabi/5.4.1/armv7e-m/fpu/libgcc.a(_arm_fixunsdfsi.o)
 .ARM.attributes
                0x0000061e       0x34 /home/ben/Data/PER/Ac6/SystemWorkbench/plugins/fr.ac6.mcu.externaltools.arm-none.linux64_1.12.0.201611241417/tools/compiler/bin/../lib/gcc/arm-none-eabi/5.4.1/../../../../arm-none-eabi/lib/armv7e-m/fpu/libc_nano.a(lib_a-init.o)
 .ARM.attributes
                0x00000652       0x34 /home/ben/Data/PER/Ac6/SystemWorkbench/plugins/fr.ac6.mcu.externaltools.arm-none.linux64_1.12.0.201611241417/tools/compiler/bin/../lib/gcc/arm-none-eabi/5.4.1/../../../../arm-none-eabi/lib/armv7e-m/fpu/libc_nano.a(lib_a-memcpy-stub.o)
 .ARM.attributes
                0x00000686       0x34 /home/ben/Data/PER/Ac6/SystemWorkbench/plugins/fr.ac6.mcu.externaltools.arm-none.linux64_1.12.0.201611241417/tools/compiler/bin/../lib/gcc/arm-none-eabi/5.4.1/../../../../arm-none-eabi/lib/armv7e-m/fpu/libc_nano.a(lib_a-memset.o)
 .ARM.attributes
                0x000006ba       0x22 /home/ben/Data/PER/Ac6/SystemWorkbench/plugins/fr.ac6.mcu.externaltools.arm-none.linux64_1.12.0.201611241417/tools/compiler/bin/../lib/gcc/arm-none-eabi/5.4.1/armv7e-m/fpu/crtn.o
OUTPUT(MainModule.elf elf32-littlearm)

.debug_info     0x00000000    0x15d6e
 .debug_info    0x00000000      0x8da Drivers/STM32F4xx_HAL_Driver/Src/stm32f4xx_hal.o
 .debug_info    0x000008da      0xb57 Drivers/STM32F4xx_HAL_Driver/Src/stm32f4xx_hal_can.o
 .debug_info    0x00001431      0xe79 Drivers/STM32F4xx_HAL_Driver/Src/stm32f4xx_hal_cortex.o
 .debug_info    0x000022aa      0x731 Drivers/STM32F4xx_HAL_Driver/Src/stm32f4xx_hal_gpio.o
 .debug_info    0x000029db      0xc97 Drivers/STM32F4xx_HAL_Driver/Src/stm32f4xx_hal_rcc.o
 .debug_info    0x00003672     0x2eaa Drivers/STM32F4xx_HAL_Driver/Src/stm32f4xx_hal_tim.o
 .debug_info    0x0000651c      0xf6f Drivers/STM32F4xx_HAL_Driver/Src/stm32f4xx_hal_tim_ex.o
 .debug_info    0x0000748b     0x1aeb Middlewares/Third_Party/FreeRTOS/Source/CMSIS_RTOS/cmsis_os.o
 .debug_info    0x00008f76      0x2a5 Middlewares/Third_Party/FreeRTOS/Source/list.o
 .debug_info    0x0000921b     0x1678 Middlewares/Third_Party/FreeRTOS/Source/queue.o
 .debug_info    0x0000a893     0x270b Middlewares/Third_Party/FreeRTOS/Source/tasks.o
 .debug_info    0x0000cf9e      0x55b Middlewares/Third_Party/FreeRTOS/Source/portable/GCC/ARM_CM4F/port.o
 .debug_info    0x0000d4f9      0x48a Middlewares/Third_Party/FreeRTOS/Source/portable/MemMang/heap_4.o
 .debug_info    0x0000d983      0xd44 Src/CANProcess.o
 .debug_info    0x0000e6c7      0x9cb Src/PedalBox.o
 .debug_info    0x0000f092      0x924 Src/car.o
 .debug_info    0x0000f9b6     0x1d18 Src/main.o
 .debug_info    0x000116ce      0xe26 Src/main_module_tasks.o
 .debug_info    0x000124f4      0xb3f Src/motor_controller_functions.o
 .debug_info    0x00013033      0xd17 Src/stm32f4xx_hal_msp.o
 .debug_info    0x00013d4a      0xb44 Src/stm32f4xx_hal_timebase_TIM.o
 .debug_info    0x0001488e      0xf6b Src/stm32f4xx_it.o
 .debug_info    0x000157f9      0x500 Src/system_stm32f4xx.o
 .debug_info    0x00015cf9       0x75 startup/startup_stm32f407xx.o

.debug_abbrev   0x00000000     0x3616
 .debug_abbrev  0x00000000      0x247 Drivers/STM32F4xx_HAL_Driver/Src/stm32f4xx_hal.o
 .debug_abbrev  0x00000247      0x2a0 Drivers/STM32F4xx_HAL_Driver/Src/stm32f4xx_hal_can.o
 .debug_abbrev  0x000004e7      0x332 Drivers/STM32F4xx_HAL_Driver/Src/stm32f4xx_hal_cortex.o
 .debug_abbrev  0x00000819      0x1cb Drivers/STM32F4xx_HAL_Driver/Src/stm32f4xx_hal_gpio.o
 .debug_abbrev  0x000009e4      0x321 Drivers/STM32F4xx_HAL_Driver/Src/stm32f4xx_hal_rcc.o
 .debug_abbrev  0x00000d05      0x314 Drivers/STM32F4xx_HAL_Driver/Src/stm32f4xx_hal_tim.o
 .debug_abbrev  0x00001019      0x273 Drivers/STM32F4xx_HAL_Driver/Src/stm32f4xx_hal_tim_ex.o
 .debug_abbrev  0x0000128c      0x36f Middlewares/Third_Party/FreeRTOS/Source/CMSIS_RTOS/cmsis_os.o
 .debug_abbrev  0x000015fb       0xdf Middlewares/Third_Party/FreeRTOS/Source/list.o
 .debug_abbrev  0x000016da      0x2d3 Middlewares/Third_Party/FreeRTOS/Source/queue.o
 .debug_abbrev  0x000019ad      0x395 Middlewares/Third_Party/FreeRTOS/Source/tasks.o
 .debug_abbrev  0x00001d42      0x21e Middlewares/Third_Party/FreeRTOS/Source/portable/GCC/ARM_CM4F/port.o
 .debug_abbrev  0x00001f60      0x233 Middlewares/Third_Party/FreeRTOS/Source/portable/MemMang/heap_4.o
 .debug_abbrev  0x00002193      0x2a6 Src/CANProcess.o
 .debug_abbrev  0x00002439      0x215 Src/PedalBox.o
 .debug_abbrev  0x0000264e      0x1a6 Src/car.o
 .debug_abbrev  0x000027f4      0x362 Src/main.o
 .debug_abbrev  0x00002b56      0x219 Src/main_module_tasks.o
 .debug_abbrev  0x00002d6f      0x1ec Src/motor_controller_functions.o
 .debug_abbrev  0x00002f5b      0x1b1 Src/stm32f4xx_hal_msp.o
 .debug_abbrev  0x0000310c      0x1d2 Src/stm32f4xx_hal_timebase_TIM.o
 .debug_abbrev  0x000032de      0x222 Src/stm32f4xx_it.o
 .debug_abbrev  0x00003500      0x104 Src/system_stm32f4xx.o
 .debug_abbrev  0x00003604       0x12 startup/startup_stm32f407xx.o

.debug_loc      0x00000000     0x892d
 .debug_loc     0x00000000       0x92 Drivers/STM32F4xx_HAL_Driver/Src/stm32f4xx_hal.o
 .debug_loc     0x00000092      0x717 Drivers/STM32F4xx_HAL_Driver/Src/stm32f4xx_hal_can.o
 .debug_loc     0x000007a9      0x4ab Drivers/STM32F4xx_HAL_Driver/Src/stm32f4xx_hal_cortex.o
 .debug_loc     0x00000c54      0x374 Drivers/STM32F4xx_HAL_Driver/Src/stm32f4xx_hal_gpio.o
 .debug_loc     0x00000fc8      0x485 Drivers/STM32F4xx_HAL_Driver/Src/stm32f4xx_hal_rcc.o
 .debug_loc     0x0000144d     0x3146 Drivers/STM32F4xx_HAL_Driver/Src/stm32f4xx_hal_tim.o
 .debug_loc     0x00004593      0x7b9 Drivers/STM32F4xx_HAL_Driver/Src/stm32f4xx_hal_tim_ex.o
 .debug_loc     0x00004d4c      0xf7e Middlewares/Third_Party/FreeRTOS/Source/CMSIS_RTOS/cmsis_os.o
 .debug_loc     0x00005cca       0x94 Middlewares/Third_Party/FreeRTOS/Source/list.o
 .debug_loc     0x00005d5e      0xa46 Middlewares/Third_Party/FreeRTOS/Source/queue.o
 .debug_loc     0x000067a4     0x182a Middlewares/Third_Party/FreeRTOS/Source/tasks.o
 .debug_loc     0x00007fce       0xae Middlewares/Third_Party/FreeRTOS/Source/portable/GCC/ARM_CM4F/port.o
 .debug_loc     0x0000807c      0x389 Middlewares/Third_Party/FreeRTOS/Source/portable/MemMang/heap_4.o
 .debug_loc     0x00008405       0xea Src/CANProcess.o
 .debug_loc     0x000084ef       0xb6 Src/PedalBox.o
 .debug_loc     0x000085a5       0x21 Src/car.o
 .debug_loc     0x000085c6       0x6e Src/main.o
 .debug_loc     0x00008634       0x5b Src/main_module_tasks.o
 .debug_loc     0x0000868f       0xd5 Src/motor_controller_functions.o
 .debug_loc     0x00008764       0x4d Src/stm32f4xx_hal_msp.o
 .debug_loc     0x000087b1       0xa5 Src/stm32f4xx_hal_timebase_TIM.o
 .debug_loc     0x00008856       0xd7 Src/system_stm32f4xx.o

.debug_aranges  0x00000000      0xd80
 .debug_aranges
                0x00000000       0xb8 Drivers/STM32F4xx_HAL_Driver/Src/stm32f4xx_hal.o
 .debug_aranges
                0x000000b8       0x88 Drivers/STM32F4xx_HAL_Driver/Src/stm32f4xx_hal_can.o
 .debug_aranges
                0x00000140       0x98 Drivers/STM32F4xx_HAL_Driver/Src/stm32f4xx_hal_cortex.o
 .debug_aranges
                0x000001d8       0x58 Drivers/STM32F4xx_HAL_Driver/Src/stm32f4xx_hal_gpio.o
 .debug_aranges
                0x00000230       0x80 Drivers/STM32F4xx_HAL_Driver/Src/stm32f4xx_hal_rcc.o
 .debug_aranges
                0x000002b0      0x250 Drivers/STM32F4xx_HAL_Driver/Src/stm32f4xx_hal_tim.o
 .debug_aranges
                0x00000500       0xf0 Drivers/STM32F4xx_HAL_Driver/Src/stm32f4xx_hal_tim_ex.o
 .debug_aranges
                0x000005f0      0x178 Middlewares/Third_Party/FreeRTOS/Source/CMSIS_RTOS/cmsis_os.o
 .debug_aranges
                0x00000768       0x40 Middlewares/Third_Party/FreeRTOS/Source/list.o
 .debug_aranges
                0x000007a8       0xd0 Middlewares/Third_Party/FreeRTOS/Source/queue.o
 .debug_aranges
                0x00000878      0x190 Middlewares/Third_Party/FreeRTOS/Source/tasks.o
 .debug_aranges
                0x00000a08       0x80 Middlewares/Third_Party/FreeRTOS/Source/portable/GCC/ARM_CM4F/port.o
 .debug_aranges
                0x00000a88       0x48 Middlewares/Third_Party/FreeRTOS/Source/portable/MemMang/heap_4.o
 .debug_aranges
                0x00000ad0       0x58 Src/CANProcess.o
 .debug_aranges
                0x00000b28       0x28 Src/PedalBox.o
 .debug_aranges
                0x00000b50       0x30 Src/car.o
 .debug_aranges
                0x00000b80       0x48 Src/main.o
 .debug_aranges
                0x00000bc8       0x48 Src/main_module_tasks.o
 .debug_aranges
                0x00000c10       0x50 Src/motor_controller_functions.o
 .debug_aranges
                0x00000c60       0x30 Src/stm32f4xx_hal_msp.o
 .debug_aranges
                0x00000c90       0x30 Src/stm32f4xx_hal_timebase_TIM.o
 .debug_aranges
                0x00000cc0       0x70 Src/stm32f4xx_it.o
 .debug_aranges
                0x00000d30       0x28 Src/system_stm32f4xx.o
 .debug_aranges
                0x00000d58       0x28 startup/startup_stm32f407xx.o

.debug_ranges   0x00000000     0x1038
 .debug_ranges  0x00000000       0xa8 Drivers/STM32F4xx_HAL_Driver/Src/stm32f4xx_hal.o
 .debug_ranges  0x000000a8       0x78 Drivers/STM32F4xx_HAL_Driver/Src/stm32f4xx_hal_can.o
 .debug_ranges  0x00000120      0x148 Drivers/STM32F4xx_HAL_Driver/Src/stm32f4xx_hal_cortex.o
 .debug_ranges  0x00000268       0x70 Drivers/STM32F4xx_HAL_Driver/Src/stm32f4xx_hal_gpio.o
 .debug_ranges  0x000002d8      0x150 Drivers/STM32F4xx_HAL_Driver/Src/stm32f4xx_hal_rcc.o
 .debug_ranges  0x00000428      0x330 Drivers/STM32F4xx_HAL_Driver/Src/stm32f4xx_hal_tim.o
 .debug_ranges  0x00000758       0xe0 Drivers/STM32F4xx_HAL_Driver/Src/stm32f4xx_hal_tim_ex.o
 .debug_ranges  0x00000838      0x168 Middlewares/Third_Party/FreeRTOS/Source/CMSIS_RTOS/cmsis_os.o
 .debug_ranges  0x000009a0       0x30 Middlewares/Third_Party/FreeRTOS/Source/list.o
 .debug_ranges  0x000009d0       0xc0 Middlewares/Third_Party/FreeRTOS/Source/queue.o
 .debug_ranges  0x00000a90      0x218 Middlewares/Third_Party/FreeRTOS/Source/tasks.o
 .debug_ranges  0x00000ca8       0x70 Middlewares/Third_Party/FreeRTOS/Source/portable/GCC/ARM_CM4F/port.o
 .debug_ranges  0x00000d18       0x38 Middlewares/Third_Party/FreeRTOS/Source/portable/MemMang/heap_4.o
 .debug_ranges  0x00000d50       0x60 Src/CANProcess.o
 .debug_ranges  0x00000db0       0x18 Src/PedalBox.o
 .debug_ranges  0x00000dc8       0x20 Src/car.o
 .debug_ranges  0x00000de8       0xa8 Src/main.o
 .debug_ranges  0x00000e90       0x50 Src/main_module_tasks.o
 .debug_ranges  0x00000ee0       0x40 Src/motor_controller_functions.o
 .debug_ranges  0x00000f20       0x40 Src/stm32f4xx_hal_msp.o
 .debug_ranges  0x00000f60       0x40 Src/stm32f4xx_hal_timebase_TIM.o
 .debug_ranges  0x00000fa0       0x60 Src/stm32f4xx_it.o
 .debug_ranges  0x00001000       0x18 Src/system_stm32f4xx.o
 .debug_ranges  0x00001018       0x20 startup/startup_stm32f407xx.o

.debug_macro    0x00000000    0x24a3c
 .debug_macro   0x00000000      0x368 Drivers/STM32F4xx_HAL_Driver/Src/stm32f4xx_hal.o
 .debug_macro   0x00000368      0x89e Drivers/STM32F4xx_HAL_Driver/Src/stm32f4xx_hal.o
 .debug_macro   0x00000c06      0x243 Drivers/STM32F4xx_HAL_Driver/Src/stm32f4xx_hal.o
 .debug_macro   0x00000e49      0x17f Drivers/STM32F4xx_HAL_Driver/Src/stm32f4xx_hal.o
 .debug_macro   0x00000fc8       0x33 Drivers/STM32F4xx_HAL_Driver/Src/stm32f4xx_hal.o
 .debug_macro   0x00000ffb       0x28 Drivers/STM32F4xx_HAL_Driver/Src/stm32f4xx_hal.o
 .debug_macro   0x00001023       0x22 Drivers/STM32F4xx_HAL_Driver/Src/stm32f4xx_hal.o
 .debug_macro   0x00001045       0x87 Drivers/STM32F4xx_HAL_Driver/Src/stm32f4xx_hal.o
 .debug_macro   0x000010cc       0x44 Drivers/STM32F4xx_HAL_Driver/Src/stm32f4xx_hal.o
 .debug_macro   0x00001110       0xfd Drivers/STM32F4xx_HAL_Driver/Src/stm32f4xx_hal.o
 .debug_macro   0x0000120d       0x5e Drivers/STM32F4xx_HAL_Driver/Src/stm32f4xx_hal.o
 .debug_macro   0x0000126b      0x1df Drivers/STM32F4xx_HAL_Driver/Src/stm32f4xx_hal.o
 .debug_macro   0x0000144a       0x35 Drivers/STM32F4xx_HAL_Driver/Src/stm32f4xx_hal.o
 .debug_macro   0x0000147f       0x50 Drivers/STM32F4xx_HAL_Driver/Src/stm32f4xx_hal.o
 .debug_macro   0x000014cf      0xe66 Drivers/STM32F4xx_HAL_Driver/Src/stm32f4xx_hal.o
 .debug_macro   0x00002335    0x15d7f Drivers/STM32F4xx_HAL_Driver/Src/stm32f4xx_hal.o
 .debug_macro   0x000180b4       0x43 Drivers/STM32F4xx_HAL_Driver/Src/stm32f4xx_hal.o
 .debug_macro   0x000180f7     0x347f Drivers/STM32F4xx_HAL_Driver/Src/stm32f4xx_hal.o
 .debug_macro   0x0001b576       0x52 Drivers/STM32F4xx_HAL_Driver/Src/stm32f4xx_hal.o
 .debug_macro   0x0001b5c8       0x35 Drivers/STM32F4xx_HAL_Driver/Src/stm32f4xx_hal.o
 .debug_macro   0x0001b5fd       0x9c Drivers/STM32F4xx_HAL_Driver/Src/stm32f4xx_hal.o
 .debug_macro   0x0001b699       0x16 Drivers/STM32F4xx_HAL_Driver/Src/stm32f4xx_hal.o
 .debug_macro   0x0001b6af       0x97 Drivers/STM32F4xx_HAL_Driver/Src/stm32f4xx_hal.o
 .debug_macro   0x0001b746      0x30d Drivers/STM32F4xx_HAL_Driver/Src/stm32f4xx_hal.o
 .debug_macro   0x0001ba53       0xfd Drivers/STM32F4xx_HAL_Driver/Src/stm32f4xx_hal.o
 .debug_macro   0x0001bb50       0x10 Drivers/STM32F4xx_HAL_Driver/Src/stm32f4xx_hal.o
 .debug_macro   0x0001bb60       0x52 Drivers/STM32F4xx_HAL_Driver/Src/stm32f4xx_hal.o
 .debug_macro   0x0001bbb2       0x1f Drivers/STM32F4xx_HAL_Driver/Src/stm32f4xx_hal.o
 .debug_macro   0x0001bbd1       0x43 Drivers/STM32F4xx_HAL_Driver/Src/stm32f4xx_hal.o
 .debug_macro   0x0001bc14       0x20 Drivers/STM32F4xx_HAL_Driver/Src/stm32f4xx_hal.o
 .debug_macro   0x0001bc34      0x187 Drivers/STM32F4xx_HAL_Driver/Src/stm32f4xx_hal.o
 .debug_macro   0x0001bdbb       0x10 Drivers/STM32F4xx_HAL_Driver/Src/stm32f4xx_hal.o
 .debug_macro   0x0001bdcb       0x1c Drivers/STM32F4xx_HAL_Driver/Src/stm32f4xx_hal.o
 .debug_macro   0x0001bde7       0x52 Drivers/STM32F4xx_HAL_Driver/Src/stm32f4xx_hal.o
 .debug_macro   0x0001be39       0x40 Drivers/STM32F4xx_HAL_Driver/Src/stm32f4xx_hal.o
 .debug_macro   0x0001be79       0x10 Drivers/STM32F4xx_HAL_Driver/Src/stm32f4xx_hal.o
 .debug_macro   0x0001be89       0x40 Drivers/STM32F4xx_HAL_Driver/Src/stm32f4xx_hal.o
 .debug_macro   0x0001bec9       0xd7 Drivers/STM32F4xx_HAL_Driver/Src/stm32f4xx_hal.o
 .debug_macro   0x0001bfa0       0x16 Drivers/STM32F4xx_HAL_Driver/Src/stm32f4xx_hal.o
 .debug_macro   0x0001bfb6      0x189 Drivers/STM32F4xx_HAL_Driver/Src/stm32f4xx_hal.o
 .debug_macro   0x0001c13f       0x50 Drivers/STM32F4xx_HAL_Driver/Src/stm32f4xx_hal.o
 .debug_macro   0x0001c18f      0x964 Drivers/STM32F4xx_HAL_Driver/Src/stm32f4xx_hal.o
 .debug_macro   0x0001caf3      0x9e1 Drivers/STM32F4xx_HAL_Driver/Src/stm32f4xx_hal.o
 .debug_macro   0x0001d4d4      0x11e Drivers/STM32F4xx_HAL_Driver/Src/stm32f4xx_hal.o
 .debug_macro   0x0001d5f2      0x13e Drivers/STM32F4xx_HAL_Driver/Src/stm32f4xx_hal.o
 .debug_macro   0x0001d730       0x27 Drivers/STM32F4xx_HAL_Driver/Src/stm32f4xx_hal.o
 .debug_macro   0x0001d757      0x287 Drivers/STM32F4xx_HAL_Driver/Src/stm32f4xx_hal.o
 .debug_macro   0x0001d9de       0x5f Drivers/STM32F4xx_HAL_Driver/Src/stm32f4xx_hal.o
 .debug_macro   0x0001da3d      0x23a Drivers/STM32F4xx_HAL_Driver/Src/stm32f4xx_hal.o
 .debug_macro   0x0001dc77      0x36e Drivers/STM32F4xx_HAL_Driver/Src/stm32f4xx_hal.o
 .debug_macro   0x0001dfe5      0x13a Drivers/STM32F4xx_HAL_Driver/Src/stm32f4xx_hal.o
 .debug_macro   0x0001e11f      0x21e Drivers/STM32F4xx_HAL_Driver/Src/stm32f4xx_hal.o
 .debug_macro   0x0001e33d       0x2e Drivers/STM32F4xx_HAL_Driver/Src/stm32f4xx_hal.o
 .debug_macro   0x0001e36b      0x11e Drivers/STM32F4xx_HAL_Driver/Src/stm32f4xx_hal.o
 .debug_macro   0x0001e489       0x7f Drivers/STM32F4xx_HAL_Driver/Src/stm32f4xx_hal.o
 .debug_macro   0x0001e508       0x89 Drivers/STM32F4xx_HAL_Driver/Src/stm32f4xx_hal.o
 .debug_macro   0x0001e591      0x6d9 Drivers/STM32F4xx_HAL_Driver/Src/stm32f4xx_hal.o
 .debug_macro   0x0001ec6a       0x5b Drivers/STM32F4xx_HAL_Driver/Src/stm32f4xx_hal.o
 .debug_macro   0x0001ecc5      0x14d Drivers/STM32F4xx_HAL_Driver/Src/stm32f4xx_hal.o
 .debug_macro   0x0001ee12      0x125 Drivers/STM32F4xx_HAL_Driver/Src/stm32f4xx_hal.o
 .debug_macro   0x0001ef37      0x30f Drivers/STM32F4xx_HAL_Driver/Src/stm32f4xx_hal_can.o
 .debug_macro   0x0001f246      0x308 Drivers/STM32F4xx_HAL_Driver/Src/stm32f4xx_hal_cortex.o
 .debug_macro   0x0001f54e      0x340 Drivers/STM32F4xx_HAL_Driver/Src/stm32f4xx_hal_gpio.o
 .debug_macro   0x0001f88e      0x332 Drivers/STM32F4xx_HAL_Driver/Src/stm32f4xx_hal_rcc.o
 .debug_macro   0x0001fbc0      0x309 Drivers/STM32F4xx_HAL_Driver/Src/stm32f4xx_hal_tim.o
 .debug_macro   0x0001fec9      0x308 Drivers/STM32F4xx_HAL_Driver/Src/stm32f4xx_hal_tim_ex.o
 .debug_macro   0x000201d1      0x1ec Middlewares/Third_Party/FreeRTOS/Source/CMSIS_RTOS/cmsis_os.o
 .debug_macro   0x000203bd       0x4c Middlewares/Third_Party/FreeRTOS/Source/CMSIS_RTOS/cmsis_os.o
 .debug_macro   0x00020409       0x8d Middlewares/Third_Party/FreeRTOS/Source/CMSIS_RTOS/cmsis_os.o
 .debug_macro   0x00020496      0x174 Middlewares/Third_Party/FreeRTOS/Source/CMSIS_RTOS/cmsis_os.o
 .debug_macro   0x0002060a       0x4a Middlewares/Third_Party/FreeRTOS/Source/CMSIS_RTOS/cmsis_os.o
 .debug_macro   0x00020654       0x10 Middlewares/Third_Party/FreeRTOS/Source/CMSIS_RTOS/cmsis_os.o
 .debug_macro   0x00020664       0x35 Middlewares/Third_Party/FreeRTOS/Source/CMSIS_RTOS/cmsis_os.o
 .debug_macro   0x00020699       0x16 Middlewares/Third_Party/FreeRTOS/Source/CMSIS_RTOS/cmsis_os.o
 .debug_macro   0x000206af       0x26 Middlewares/Third_Party/FreeRTOS/Source/CMSIS_RTOS/cmsis_os.o
 .debug_macro   0x000206d5       0xc6 Middlewares/Third_Party/FreeRTOS/Source/CMSIS_RTOS/cmsis_os.o
 .debug_macro   0x0002079b      0x15d Middlewares/Third_Party/FreeRTOS/Source/CMSIS_RTOS/cmsis_os.o
 .debug_macro   0x000208f8       0xe4 Middlewares/Third_Party/FreeRTOS/Source/CMSIS_RTOS/cmsis_os.o
 .debug_macro   0x000209dc       0x10 Middlewares/Third_Party/FreeRTOS/Source/CMSIS_RTOS/cmsis_os.o
 .debug_macro   0x000209ec       0x1f Middlewares/Third_Party/FreeRTOS/Source/CMSIS_RTOS/cmsis_os.o
 .debug_macro   0x00020a0b      0x3f4 Middlewares/Third_Party/FreeRTOS/Source/CMSIS_RTOS/cmsis_os.o
 .debug_macro   0x00020dff       0xc0 Middlewares/Third_Party/FreeRTOS/Source/CMSIS_RTOS/cmsis_os.o
 .debug_macro   0x00020ebf       0x9a Middlewares/Third_Party/FreeRTOS/Source/CMSIS_RTOS/cmsis_os.o
 .debug_macro   0x00020f59       0x91 Middlewares/Third_Party/FreeRTOS/Source/CMSIS_RTOS/cmsis_os.o
 .debug_macro   0x00020fea       0xb0 Middlewares/Third_Party/FreeRTOS/Source/CMSIS_RTOS/cmsis_os.o
 .debug_macro   0x0002109a       0x7f Middlewares/Third_Party/FreeRTOS/Source/CMSIS_RTOS/cmsis_os.o
 .debug_macro   0x00021119       0xcf Middlewares/Third_Party/FreeRTOS/Source/CMSIS_RTOS/cmsis_os.o
 .debug_macro   0x000211e8      0x18b Middlewares/Third_Party/FreeRTOS/Source/list.o
 .debug_macro   0x00021373      0x1fd Middlewares/Third_Party/FreeRTOS/Source/queue.o
 .debug_macro   0x00021570       0x16 Middlewares/Third_Party/FreeRTOS/Source/queue.o
 .debug_macro   0x00021586      0x239 Middlewares/Third_Party/FreeRTOS/Source/tasks.o
 .debug_macro   0x000217bf       0x11 Middlewares/Third_Party/FreeRTOS/Source/tasks.o
 .debug_macro   0x000217d0      0x1a6 Middlewares/Third_Party/FreeRTOS/Source/portable/GCC/ARM_CM4F/port.o
 .debug_macro   0x00021976      0x1b2 Middlewares/Third_Party/FreeRTOS/Source/portable/MemMang/heap_4.o
 .debug_macro   0x00021b28      0x44a Src/CANProcess.o
 .debug_macro   0x00021f72       0xcc Src/CANProcess.o
 .debug_macro   0x0002203e       0x94 Src/CANProcess.o
 .debug_macro   0x000220d2      0x36c Src/CANProcess.o
 .debug_macro   0x0002243e      0x10c Src/CANProcess.o
 .debug_macro   0x0002254a      0x3f9 Src/PedalBox.o
 .debug_macro   0x00022943      0x3f5 Src/car.o
 .debug_macro   0x00022d38      0x483 Src/main.o
 .debug_macro   0x000231bb       0x94 Src/main.o
 .debug_macro   0x0002324f      0x48e Src/main_module_tasks.o
 .debug_macro   0x000236dd      0x1e1 Src/main_module_tasks.o
 .debug_macro   0x000238be      0x446 Src/motor_controller_functions.o
 .debug_macro   0x00023d04      0x308 Src/stm32f4xx_hal_msp.o
 .debug_macro   0x0002400c      0x308 Src/stm32f4xx_hal_timebase_TIM.o
 .debug_macro   0x00024314      0x41a Src/stm32f4xx_it.o
 .debug_macro   0x0002472e      0x30e Src/system_stm32f4xx.o

.debug_line     0x00000000     0xf1b4
 .debug_line    0x00000000      0x974 Drivers/STM32F4xx_HAL_Driver/Src/stm32f4xx_hal.o
 .debug_line    0x00000974      0xbe6 Drivers/STM32F4xx_HAL_Driver/Src/stm32f4xx_hal_can.o
 .debug_line    0x0000155a      0x9e9 Drivers/STM32F4xx_HAL_Driver/Src/stm32f4xx_hal_cortex.o
 .debug_line    0x00001f43      0x9bb Drivers/STM32F4xx_HAL_Driver/Src/stm32f4xx_hal_gpio.o
 .debug_line    0x000028fe      0xb22 Drivers/STM32F4xx_HAL_Driver/Src/stm32f4xx_hal_rcc.o
 .debug_line    0x00003420     0x1648 Drivers/STM32F4xx_HAL_Driver/Src/stm32f4xx_hal_tim.o
 .debug_line    0x00004a68      0xbe3 Drivers/STM32F4xx_HAL_Driver/Src/stm32f4xx_hal_tim_ex.o
 .debug_line    0x0000564b      0xb33 Middlewares/Third_Party/FreeRTOS/Source/CMSIS_RTOS/cmsis_os.o
 .debug_line    0x0000617e      0x5bc Middlewares/Third_Party/FreeRTOS/Source/list.o
 .debug_line    0x0000673a      0xa4c Middlewares/Third_Party/FreeRTOS/Source/queue.o
 .debug_line    0x00007186      0xe68 Middlewares/Third_Party/FreeRTOS/Source/tasks.o
 .debug_line    0x00007fee      0x647 Middlewares/Third_Party/FreeRTOS/Source/portable/GCC/ARM_CM4F/port.o
 .debug_line    0x00008635      0x675 Middlewares/Third_Party/FreeRTOS/Source/portable/MemMang/heap_4.o
 .debug_line    0x00008caa      0xb2c Src/CANProcess.o
 .debug_line    0x000097d6      0xa48 Src/PedalBox.o
 .debug_line    0x0000a21e      0xa05 Src/car.o
 .debug_line    0x0000ac23      0xbd4 Src/main.o
 .debug_line    0x0000b7f7      0xb11 Src/main_module_tasks.o
 .debug_line    0x0000c308      0xaf8 Src/motor_controller_functions.o
 .debug_line    0x0000ce00      0x838 Src/stm32f4xx_hal_msp.o
 .debug_line    0x0000d638      0x82a Src/stm32f4xx_hal_timebase_TIM.o
 .debug_line    0x0000de62      0xabd Src/stm32f4xx_it.o
 .debug_line    0x0000e91f      0x816 Src/system_stm32f4xx.o
 .debug_line    0x0000f135       0x7f startup/startup_stm32f407xx.o

.debug_str      0x00000000    0xcd9af
 .debug_str     0x00000000    0xc055b Drivers/STM32F4xx_HAL_Driver/Src/stm32f4xx_hal.o
                              0xc08e8 (size before relaxing)
 .debug_str     0x000c055b      0x461 Drivers/STM32F4xx_HAL_Driver/Src/stm32f4xx_hal_can.o
                              0xc01ac (size before relaxing)
 .debug_str     0x000c09bc      0x36e Drivers/STM32F4xx_HAL_Driver/Src/stm32f4xx_hal_cortex.o
                              0xc068d (size before relaxing)
 .debug_str     0x000c0d2a      0x2f2 Drivers/STM32F4xx_HAL_Driver/Src/stm32f4xx_hal_gpio.o
                              0xc00c0 (size before relaxing)
 .debug_str     0x000c101c      0x38e Drivers/STM32F4xx_HAL_Driver/Src/stm32f4xx_hal_rcc.o
                              0xc024f (size before relaxing)
 .debug_str     0x000c13aa      0xdfd Drivers/STM32F4xx_HAL_Driver/Src/stm32f4xx_hal_tim.o
                              0xc0bce (size before relaxing)
 .debug_str     0x000c21a7      0x419 Drivers/STM32F4xx_HAL_Driver/Src/stm32f4xx_hal_tim_ex.o
                              0xc061d (size before relaxing)
 .debug_str     0x000c25c0     0x5fa4 Middlewares/Third_Party/FreeRTOS/Source/CMSIS_RTOS/cmsis_os.o
                               0xc914 (size before relaxing)
 .debug_str     0x000c8564      0x22a Middlewares/Third_Party/FreeRTOS/Source/list.o
                               0x98b8 (size before relaxing)
 .debug_str     0x000c878e      0x728 Middlewares/Third_Party/FreeRTOS/Source/queue.o
                               0xb290 (size before relaxing)
 .debug_str     0x000c8eb6      0xeb3 Middlewares/Third_Party/FreeRTOS/Source/tasks.o
                               0xbaaf (size before relaxing)
 .debug_str     0x000c9d69      0x744 Middlewares/Third_Party/FreeRTOS/Source/portable/GCC/ARM_CM4F/port.o
                               0x801b (size before relaxing)
 .debug_str     0x000ca4ad      0x243 Middlewares/Third_Party/FreeRTOS/Source/portable/MemMang/heap_4.o
                               0xa1aa (size before relaxing)
 .debug_str     0x000ca6f0     0x211e Src/CANProcess.o
                              0xc770a (size before relaxing)
 .debug_str     0x000cc80e       0xe9 Src/PedalBox.o
                              0xc5b74 (size before relaxing)
 .debug_str     0x000cc8f7       0x47 Src/car.o
                              0xc5a9d (size before relaxing)
 .debug_str     0x000cc93e      0x476 Src/main.o
                              0xc8662 (size before relaxing)
 .debug_str     0x000ccdb4      0x8f7 Src/main_module_tasks.o
                              0xc80d0 (size before relaxing)
 .debug_str     0x000cd6ab       0xe9 Src/motor_controller_functions.o
                              0xc75bf (size before relaxing)
 .debug_str     0x000cd794       0x49 Src/stm32f4xx_hal_msp.o
                              0xc05e7 (size before relaxing)
 .debug_str     0x000cd7dd       0x61 Src/stm32f4xx_hal_timebase_TIM.o
                              0xc07f2 (size before relaxing)
 .debug_str     0x000cd83e      0x109 Src/stm32f4xx_it.o
                              0xc5f90 (size before relaxing)
 .debug_str     0x000cd947       0x68 Src/system_stm32f4xx.o
                              0xbfe48 (size before relaxing)

.comment        0x00000000       0x6e
 .comment       0x00000000       0x6e Drivers/STM32F4xx_HAL_Driver/Src/stm32f4xx_hal.o
                                 0x6f (size before relaxing)
 .comment       0x0000006e       0x6f Drivers/STM32F4xx_HAL_Driver/Src/stm32f4xx_hal_can.o
 .comment       0x0000006e       0x6f Drivers/STM32F4xx_HAL_Driver/Src/stm32f4xx_hal_cortex.o
 .comment       0x0000006e       0x6f Drivers/STM32F4xx_HAL_Driver/Src/stm32f4xx_hal_gpio.o
 .comment       0x0000006e       0x6f Drivers/STM32F4xx_HAL_Driver/Src/stm32f4xx_hal_rcc.o
 .comment       0x0000006e       0x6f Drivers/STM32F4xx_HAL_Driver/Src/stm32f4xx_hal_tim.o
 .comment       0x0000006e       0x6f Drivers/STM32F4xx_HAL_Driver/Src/stm32f4xx_hal_tim_ex.o
 .comment       0x0000006e       0x6f Middlewares/Third_Party/FreeRTOS/Source/CMSIS_RTOS/cmsis_os.o
 .comment       0x0000006e       0x6f Middlewares/Third_Party/FreeRTOS/Source/list.o
 .comment       0x0000006e       0x6f Middlewares/Third_Party/FreeRTOS/Source/queue.o
 .comment       0x0000006e       0x6f Middlewares/Third_Party/FreeRTOS/Source/tasks.o
 .comment       0x0000006e       0x6f Middlewares/Third_Party/FreeRTOS/Source/portable/GCC/ARM_CM4F/port.o
 .comment       0x0000006e       0x6f Middlewares/Third_Party/FreeRTOS/Source/portable/MemMang/heap_4.o
 .comment       0x0000006e       0x6f Src/CANProcess.o
 .comment       0x0000006e       0x6f Src/PedalBox.o
 .comment       0x0000006e       0x6f Src/car.o
 .comment       0x0000006e       0x6f Src/main.o
 .comment       0x0000006e       0x6f Src/main_module_tasks.o
 .comment       0x0000006e       0x6f Src/motor_controller_functions.o
 .comment       0x0000006e       0x6f Src/stm32f4xx_hal_msp.o
 .comment       0x0000006e       0x6f Src/stm32f4xx_hal_timebase_TIM.o
 .comment       0x0000006e       0x6f Src/stm32f4xx_it.o
 .comment       0x0000006e       0x6f Src/system_stm32f4xx.o

.debug_frame    0x00000000     0x2644
 .debug_frame   0x00000000      0x184 Drivers/STM32F4xx_HAL_Driver/Src/stm32f4xx_hal.o
 .debug_frame   0x00000184      0x1bc Drivers/STM32F4xx_HAL_Driver/Src/stm32f4xx_hal_can.o
 .debug_frame   0x00000340      0x130 Drivers/STM32F4xx_HAL_Driver/Src/stm32f4xx_hal_cortex.o
 .debug_frame   0x00000470       0xd4 Drivers/STM32F4xx_HAL_Driver/Src/stm32f4xx_hal_gpio.o
 .debug_frame   0x00000544      0x138 Drivers/STM32F4xx_HAL_Driver/Src/stm32f4xx_hal_rcc.o
 .debug_frame   0x0000067c      0x854 Drivers/STM32F4xx_HAL_Driver/Src/stm32f4xx_hal_tim.o
 .debug_frame   0x00000ed0      0x334 Drivers/STM32F4xx_HAL_Driver/Src/stm32f4xx_hal_tim_ex.o
 .debug_frame   0x00001204      0x460 Middlewares/Third_Party/FreeRTOS/Source/CMSIS_RTOS/cmsis_os.o
 .debug_frame   0x00001664       0x6c Middlewares/Third_Party/FreeRTOS/Source/list.o
 .debug_frame   0x000016d0      0x270 Middlewares/Third_Party/FreeRTOS/Source/queue.o
 .debug_frame   0x00001940      0x57c Middlewares/Third_Party/FreeRTOS/Source/tasks.o
 .debug_frame   0x00001ebc       0xf0 Middlewares/Third_Party/FreeRTOS/Source/portable/GCC/ARM_CM4F/port.o
 .debug_frame   0x00001fac       0xa4 Middlewares/Third_Party/FreeRTOS/Source/portable/MemMang/heap_4.o
 .debug_frame   0x00002050       0xdc Src/CANProcess.o
 .debug_frame   0x0000212c       0x48 Src/PedalBox.o
 .debug_frame   0x00002174       0x40 Src/car.o
 .debug_frame   0x000021b4       0xa8 Src/main.o
 .debug_frame   0x0000225c       0xb0 Src/main_module_tasks.o
 .debug_frame   0x0000230c       0xd4 Src/motor_controller_functions.o
 .debug_frame   0x000023e0       0x6c Src/stm32f4xx_hal_msp.o
 .debug_frame   0x0000244c       0x50 Src/stm32f4xx_hal_timebase_TIM.o
 .debug_frame   0x0000249c      0x104 Src/stm32f4xx_it.o
 .debug_frame   0x000025a0       0x30 Src/system_stm32f4xx.o
 .debug_frame   0x000025d0       0x2c /home/ben/Data/PER/Ac6/SystemWorkbench/plugins/fr.ac6.mcu.externaltools.arm-none.linux64_1.12.0.201611241417/tools/compiler/bin/../lib/gcc/arm-none-eabi/5.4.1/../../../../arm-none-eabi/lib/armv7e-m/fpu/libc_nano.a(lib_a-init.o)
 .debug_frame   0x000025fc       0x28 /home/ben/Data/PER/Ac6/SystemWorkbench/plugins/fr.ac6.mcu.externaltools.arm-none.linux64_1.12.0.201611241417/tools/compiler/bin/../lib/gcc/arm-none-eabi/5.4.1/../../../../arm-none-eabi/lib/armv7e-m/fpu/libc_nano.a(lib_a-memcpy-stub.o)
 .debug_frame   0x00002624       0x20 /home/ben/Data/PER/Ac6/SystemWorkbench/plugins/fr.ac6.mcu.externaltools.arm-none.linux64_1.12.0.201611241417/tools/compiler/bin/../lib/gcc/arm-none-eabi/5.4.1/../../../../arm-none-eabi/lib/armv7e-m/fpu/libc_nano.a(lib_a-memset.o)
